I/AccessibilityService( 1123): TREE_RESULT -> Current Node = android.view.accessibility.AccessibilityNodeInfo@bf5c; boundsInParent: Rect(0, 0 - 216, 276); boundsInScreen: Rect(132, 81 - 348, 357); packageName: com.android.deskclock; className: android.view.View; text: null; contentDescription: 18:06; viewIdResName: com.android.deskclock:id/analog_appwidget; checkable: false; checked: false; focusable: false; focused: false; selected: false; clickable: true; longClickable: false; enabled: true; password: false; scrollable: false; [ACTION_SELECT, ACTION_CLEAR_SELECTION, ACTION_CLICK, ACTION_ACCESSIBILITY_FOCUS, ACTION_NEXT_AT_MOVEMENT_GRANULARITY, ACTION_PREVIOUS_AT_MOVEMENT_GRANULARITY, ACTION_SET_SELECTION]
I/AccessibilityService( 1123): Node Center Coordinate -> x = 240, y = 219
I/AccessibilityService( 1123): TREE_RESULT -> Current Node = android.view.accessibility.AccessibilityNodeInfo@bb9b; boundsInParent: Rect(524234, 0 - 524354, 150); boundsInScreen: Rect(720, 519 - 840, 669); packageName: com.android.launcher; className: android.widget.TextView; text: Settings; contentDescription: null; viewIdResName: null; checkable: false; checked: false; focusable: true; focused: false; selected: false; clickable: true; longClickable: true; enabled: true; password: false; scrollable: false; [ACTION_FOCUS, ACTION_SELECT, ACTION_CLEAR_SELECTION, ACTION_CLICK, ACTION_LONG_CLICK, ACTION_ACCESSIBILITY_FOCUS, ACTION_NEXT_AT_MOVEMENT_GRANULARITY, ACTION_PREVIOUS_AT_MOVEMENT_GRANULARITY, ACTION_SET_SELECTION]
I/AccessibilityService( 1123): Node Center Coordinate -> x = 780, y = 594
I/AccessibilityService( 1123): TREE_RESULT -> Current Node = android.view.accessibility.AccessibilityNodeInfo@9d93; boundsInParent: Rect(0, 0 - 480, 609); boundsInScreen: Rect(960, 60 - 1440, 669); packageName: com.android.launcher; className: android.view.View; text: null; contentDescription: Home screen 5; viewIdResName: com.android.launcher:id/cell5; checkable: false; checked: false; focusable: false; focused: false; selected: false; clickable: true; longClickable: true; enabled: true; password: false; scrollable: false; [ACTION_SELECT, ACTION_CLEAR_SELECTION, ACTION_CLICK, ACTION_LONG_CLICK, ACTION_ACCESSIBILITY_FOCUS, ACTION_NEXT_AT_MOVEMENT_GRANULARITY, ACTION_PREVIOUS_AT_MOVEMENT_GRANULARITY, ACTION_SET_SELECTION]
I/AccessibilityService( 1123): Node Center Coordinate -> x = 1200, y = 364
I/AccessibilityService( 1123): TREE_RESULT -> Current Node = android.view.accessibility.AccessibilityNodeInfo@7f8b; boundsInParent: Rect(0, 0 - 224, 65); boundsInScreen: Rect(10, -26 - 234, 38); packageName: com.android.launcher; className: android.widget.TextView; text: Remove; contentDescription: null; viewIdResName: com.android.launcher:id/delete_target_text; checkable: false; checked: false; focusable: false; focused: false; selected: false; clickable: false; longClickable: false; enabled: true; password: false; scrollable: false; [ACTION_SELECT, ACTION_CLEAR_SELECTION, ACTION_ACCESSIBILITY_FOCUS, ACTION_NEXT_AT_MOVEMENT_GRANULARITY, ACTION_PREVIOUS_AT_MOVEMENT_GRANULARITY, ACTION_SET_SELECTION]
I/AccessibilityService( 1123): Node Center Coordinate -> x = 122, y = 6
I/AccessibilityService( 1123): TREE_RESULT -> Current Node = android.view.accessibility.AccessibilityNodeInfo@834c; boundsInParent: Rect(0, 0 - 227, 65); boundsInScreen: Rect(244, -26 - 471, 38); packageName: com.android.launcher; className: android.widget.TextView; text: App info; contentDescription: null; viewIdResName: com.android.launcher:id/info_target_text; checkable: false; checked: false; focusable: false; focused: false; selected: false; clickable: false; longClickable: false; enabled: true; password: false; scrollable: false; [ACTION_SELECT, ACTION_CLEAR_SELECTION, ACTION_ACCESSIBILITY_FOCUS, ACTION_NEXT_AT_MOVEMENT_GRANULARITY, ACTION_PREVIOUS_AT_MOVEMENT_GRANULARITY, ACTION_SET_SELECTION]
I/AccessibilityService( 1123): Node Center Coordinate -> x = 357, y = 6
I/AccessibilityService( 1123): TREE_RESULT -> Current Node = android.view.accessibility.AccessibilityNodeInfo@870d; boundsInParent: Rect(0, 0 - 458, 48); boundsInScreen: Rect(11, 49 - 469, 97); packageName: com.android.launcher; className: android.widget.LinearLayout; text: null; contentDescription: Search; viewIdResName: com.android.launcher:id/search_button_container; checkable: false; checked: false; focusable: true; focused: false; selected: false; clickable: true; longClickable: false; enabled: true; password: false; scrollable: false; [ACTION_FOCUS, ACTION_SELECT, ACTION_CLEAR_SELECTION, ACTION_CLICK, ACTION_ACCESSIBILITY_FOCUS, ACTION_NEXT_AT_MOVEMENT_GRANULARITY, ACTION_PREVIOUS_AT_MOVEMENT_GRANULARITY, ACTION_SET_SELECTION]
I/AccessibilityService( 1123): Node Center Coordinate -> x = 240, y = 73
D/dalvikvm( 1123): GC_CONCURRENT freed 513K, 19% free 3052K/3768K, paused 8ms+3ms, total 50ms
D/dalvikvm( 1123): WAIT_FOR_CONCURRENT_GC blocked 14ms
I/AccessibilityService( 1123): TREE_RESULT -> Current Node = android.view.accessibility.AccessibilityNodeInfo@a154; boundsInParent: Rect(524246, 0 - 524342, 96); boundsInScreen: Rect(0, 634 - 96, 730); packageName: com.android.launcher; className: android.widget.TextView; text: Phone; contentDescription: null; viewIdResName: null; checkable: false; checked: false; focusable: true; focused: false; selected: false; clickable: true; longClickable: true; enabled: true; password: false; scrollable: false; [ACTION_FOCUS, ACTION_SELECT, ACTION_CLEAR_SELECTION, ACTION_CLICK, ACTION_LONG_CLICK, ACTION_ACCESSIBILITY_FOCUS, ACTION_NEXT_AT_MOVEMENT_GRANULARITY, ACTION_PREVIOUS_AT_MOVEMENT_GRANULARITY, ACTION_SET_SELECTION]
I/AccessibilityService( 1123): Node Center Coordinate -> x = 48, y = 682
I/AccessibilityService( 1123): TREE_RESULT -> Current Node = android.view.accessibility.AccessibilityNodeInfo@a515; boundsInParent: Rect(524246, 0 - 524342, 96); boundsInScreen: Rect(96, 634 - 192, 730); packageName: com.android.launcher; className: android.widget.TextView; text: People; contentDescription: null; viewIdResName: null; checkable: false; checked: false; focusable: true; focused: false; selected: false; clickable: true; longClickable: true; enabled: true; password: false; scrollable: false; [ACTION_FOCUS, ACTION_SELECT, ACTION_CLEAR_SELECTION, ACTION_CLICK, ACTION_LONG_CLICK, ACTION_ACCESSIBILITY_FOCUS, ACTION_NEXT_AT_MOVEMENT_GRANULARITY, ACTION_PREVIOUS_AT_MOVEMENT_GRANULARITY, ACTION_SET_SELECTION]
I/AccessibilityService( 1123): Node Center Coordinate -> x = 144, y = 682
I/AccessibilityService( 1123): TREE_RESULT -> Current Node = android.view.accessibility.AccessibilityNodeInfo@a8d6; boundsInParent: Rect(524246, 0 - 524342, 96); boundsInScreen: Rect(192, 634 - 288, 730); packageName: com.android.launcher; className: android.widget.TextView; text: null; contentDescription: Apps; viewIdResName: null; checkable: false; checked: false; focusable: true; focused: false; selected: false; clickable: true; longClickable: false; enabled: true; password: false; scrollable: false; [ACTION_FOCUS, ACTION_SELECT, ACTION_CLEAR_SELECTION, ACTION_CLICK, ACTION_ACCESSIBILITY_FOCUS]
I/AccessibilityService( 1123): Node Center Coordinate -> x = 240, y = 682
I/AccessibilityService( 1123): TREE_RESULT -> Current Node = android.view.accessibility.AccessibilityNodeInfo@ac97; boundsInParent: Rect(524246, 0 - 524342, 96); boundsInScreen: Rect(288, 634 - 384, 730); packageName: com.android.launcher; className: android.widget.TextView; text: Messaging; contentDescription: null; viewIdResName: null; checkable: false; checked: false; focusable: true; focused: false; selected: false; clickable: true; longClickable: true; enabled: true; password: false; scrollable: false; [ACTION_FOCUS, ACTION_SELECT, ACTION_CLEAR_SELECTION, ACTION_CLICK, ACTION_LONG_CLICK, ACTION_ACCESSIBILITY_FOCUS, ACTION_NEXT_AT_MOVEMENT_GRANULARITY, ACTION_PREVIOUS_AT_MOVEMENT_GRANULARITY, ACTION_SET_SELECTION]
I/AccessibilityService( 1123): Node Center Coordinate -> x = 336, y = 682
I/AccessibilityService( 1123): TREE_RESULT -> Current Node = android.view.accessibility.AccessibilityNodeInfo@b058; boundsInParent: Rect(524246, 0 - 524342, 96); boundsInScreen: Rect(384, 634 - 480, 730); packageName: com.android.launcher; className: android.widget.TextView; text: Browser; contentDescription: null; viewIdResName: null; checkable: false; checked: false; focusable: true; focused: false; selected: false; clickable: true; longClickable: true; enabled: true; password: false; scrollable: false; [ACTION_FOCUS, ACTION_SELECT, ACTION_CLEAR_SELECTION, ACTION_CLICK, ACTION_LONG_CLICK, ACTION_ACCESSIBILITY_FOCUS, ACTION_NEXT_AT_MOVEMENT_GRANULARITY, ACTION_PREVIOUS_AT_MOVEMENT_GRANULARITY, ACTION_SET_SELECTION]
I/AccessibilityService( 1123): Node Center Coordinate -> x = 432, y = 682
I/AccessibilityService( 1123): CHECKER_RESULT -> [{"packageName":"com.a1.quiz.ged.free","checks":[{"numNodesChecked":20,"checkType":"TOUCH_TARGET_SIZE","messages":[{"count":1,"message":"View is too small of a touch target. Minimum touch target size is 48x48dp."}],"totalErrors":1}]}]
I/AccessibilityService( 1123): CHECKER_RESULT -> [{"packageName":"com.a1.quiz.ged.free","checks":[{"numNodesChecked":0,"checkType":"EDITABLE_CONTENT_DESC","messages":[],"totalErrors":0}]}]
I/AccessibilityService( 1123): CHECKER_RESULT -> [{"packageName":"com.a1.quiz.ged.free","checks":[{"numNodesChecked":25,"checkType":"DUPLICATE_CLICKABLE_BOUNDS","messages":[],"totalErrors":0}]}]
I/AccessibilityService( 1123): CHECKER_RESULT -> [{"packageName":"com.a1.quiz.ged.free","checks":[{"numNodesChecked":8,"checkType":"CLICKABLE_SPAN","messages":[],"totalErrors":0}]}]
I/AccessibilityService( 1123): CHECKER_RESULT -> [{"packageName":"com.a1.quiz.ged.free","checks":[{"numNodesChecked":15,"checkType":"EDITABLE_CONTENT_DESC","messages":[],"totalErrors":0}]}]
I/AccessibilityService( 1123): CHECKER_RESULT -> [{"packageName":"com.a1.quiz.ged.free","checks":[{"numNodesChecked":9,"checkType":"SPEAKABLE_TEXT_PRESENT","messages":[],"totalErrors":0}]}]
E/AccessibilityNodeInfoCache( 1123): Node from: 12 not from:8 android.view.accessibility.AccessibilityNodeInfo@14684; boundsInParent: Rect(0, 0 - 480, 728); boundsInScreen: Rect(0, 0 - 480, 728); packageName: com.a1.quiz.ged.free; className: android.widget.FrameLayout; text: null; contentDescription: null; viewIdResName: null; checkable: false; checked: false; focusable: false; focused: false; selected: false; clickable: false; longClickable: false; enabled: true; password: false; scrollable: false; [ACTION_SELECT, ACTION_CLEAR_SELECTION, ACTION_ACCESSIBILITY_FOCUS]
E/AccessibilityNodeInfoCache( 1123): Node from: 12 not from:8 android.view.accessibility.AccessibilityNodeInfo@14a45; boundsInParent: Rect(0, 0 - 480, 879); boundsInScreen: Rect(0, 110 - 480, 989); packageName: com.a1.quiz.ged.free; className: android.widget.LinearLayout; text: null; contentDescription: null; viewIdResName: com.a1.quiz.ged.free:id/quiz_layout; checkable: false; checked: false; focusable: true; focused: true; selected: false; clickable: false; longClickable: false; enabled: true; password: false; scrollable: false; [ACTION_CLEAR_FOCUS, ACTION_SELECT, ACTION_CLEAR_SELECTION, ACTION_ACCESSIBILITY_FOCUS]
E/AccessibilityNodeInfoCache( 1123): Node from: 12 not from:8 android.view.accessibility.AccessibilityNodeInfo@15949; boundsInParent: Rect(0, 0 - 72, 37); boundsInScreen: Rect(73, 55 - 145, 92); packageName: com.a1.quiz.ged.free; className: android.widget.TextView; text: Home; contentDescription: null; viewIdResName: android:id/action_bar_title; checkable: false; checked: false; focusable: false; focused: false; selected: false; clickable: false; longClickable: false; enabled: true; password: false; scrollable: false; [ACTION_SELECT, ACTION_CLEAR_SELECTION, ACTION_ACCESSIBILITY_FOCUS, ACTION_NEXT_AT_MOVEMENT_GRANULARITY, ACTION_PREVIOUS_AT_MOVEMENT_GRANULARITY, ACTION_SET_SELECTION]
E/AccessibilityNodeInfoCache( 1123): Node from: 12 not from:8 android.view.accessibility.AccessibilityNodeInfo@15d0a; boundsInParent: Rect(0, 0 - 157, 72); boundsInScreen: Rect(0, 38 - 157, 110); packageName: com.a1.quiz.ged.free; className: android.widget.LinearLayout; text: null; contentDescription: Home, Navigate up; viewIdResName: null; checkable: false; checked: false; focusable: true; focused: false; selected: false; clickable: true; longClickable: false; enabled: true; password: false; scrollable: false; [ACTION_FOCUS, ACTION_SELECT, ACTION_CLEAR_SELECTION, ACTION_CLICK, ACTION_ACCESSIBILITY_FOCUS, ACTION_NEXT_AT_MOVEMENT_GRANULARITY, ACTION_PREVIOUS_AT_MOVEMENT_GRANULARITY, ACTION_SET_SELECTION]
E/AccessibilityNodeInfoCache( 1123): Node from: 12 not from:8 android.view.accessibility.AccessibilityNodeInfo@160cb; boundsInParent: Rect(0, 0 - 324, 91); boundsInScreen: Rect(141, 551 - 465, 642); packageName: com.a1.quiz.ged.free; className: android.widget.TextView; text: first-year students only; contentDescription: null; viewIdResName: com.a1.quiz.ged.free:id/option_txt_b; checkable: false; checked: false; focusable: false; focused: false; selected: false; clickable: true; longClickable: false; enabled: true; password: false; scrollable: false; [ACTION_SELECT, ACTION_CLEAR_SELECTION, ACTION_CLICK, ACTION_ACCESSIBILITY_FOCUS, ACTION_NEXT_AT_MOVEMENT_GRANULARITY, ACTION_PREVIOUS_AT_MOVEMENT_GRANULARITY, ACTION_SET_SELECTION]
E/AccessibilityNodeInfoCache( 1123): Node from: 12 not from:8 android.view.accessibility.AccessibilityNodeInfo@16fcf; boundsInParent: Rect(0, 0 - 196, 80); boundsInScreen: Rect(142, 353 - 338, 433); packageName: com.a1.quiz.ged.free; className: android.widget.ImageView; text: null; contentDescription: GED Test Complete; viewIdResName: com.a1.quiz.ged.free:id/topic_img; checkable: false; checked: false; focusable: false; focused: false; selected: false; clickable: true; longClickable: false; enabled: true; password: false; scrollable: false; [ACTION_SELECT, ACTION_CLEAR_SELECTION, ACTION_CLICK, ACTION_ACCESSIBILITY_FOCUS, ACTION_NEXT_AT_MOVEMENT_GRANULARITY, ACTION_PREVIOUS_AT_MOVEMENT_GRANULARITY, ACTION_SET_SELECTION]
E/AccessibilityNodeInfoCache( 1123): Node from: 12 not from:8 android.view.accessibility.AccessibilityNodeInfo@18655; boundsInParent: Rect(0, 0 - 95, 80); boundsInScreen: Rect(23, 749 - 118, 829); packageName: com.a1.quiz.ged.free; className: android.widget.ImageView; text: null; contentDescription: com.a1.quiz.ged.free.dto.Answer@b2fbc380; viewIdResName: com.a1.quiz.ged.free:id/option_img_d; checkable: false; checked: false; focusable: false; focused: false; selected: false; clickable: true; longClickable: false; enabled: true; password: false; scrollable: false; [ACTION_SELECT, ACTION_CLEAR_SELECTION, ACTION_CLICK, ACTION_ACCESSIBILITY_FOCUS, ACTION_NEXT_AT_MOVEMENT_GRANULARITY, ACTION_PREVIOUS_AT_MOVEMENT_GRANULARITY, ACTION_SET_SELECTION]
E/AccessibilityNodeInfoCache( 1123): Node from: 12 not from:8 android.view.accessibility.AccessibilityNodeInfo@18a16; boundsInParent: Rect(0, 0 - 95, 80); boundsInScreen: Rect(23, 845 - 118, 925); packageName: com.a1.quiz.ged.free; className: android.widget.ImageView; text: null; contentDescription: com.a1.quiz.ged.free.dto.Answer@b2fbc418; viewIdResName: com.a1.quiz.ged.free:id/option_img_e; checkable: false; checked: false; focusable: false; focused: false; selected: false; clickable: true; longClickable: false; enabled: true; password: false; scrollable: false; [ACTION_SELECT, ACTION_CLEAR_SELECTION, ACTION_CLICK, ACTION_ACCESSIBILITY_FOCUS, ACTION_NEXT_AT_MOVEMENT_GRANULARITY, ACTION_PREVIOUS_AT_MOVEMENT_GRANULARITY, ACTION_SET_SELECTION]
E/AccessibilityNodeInfoCache( 1123): Node from: 12 not from:8 android.view.accessibility.AccessibilityNodeInfo@18dd7; boundsInParent: Rect(0, 0 - 95, 80); boundsInScreen: Rect(23, 461 - 118, 541); packageName: com.a1.quiz.ged.free; className: android.widget.ImageView; text: null; contentDescription: com.a1.quiz.ged.free.dto.Answer@b2fbc4a0; viewIdResName: com.a1.quiz.ged.free:id/option_img_a; checkable: false; checked: false; focusable: false; focused: false; selected: false; clickable: true; longClickable: false; enabled: true; password: false; scrollable: false; [ACTION_SELECT, ACTION_CLEAR_SELECTION, ACTION_CLICK, ACTION_ACCESSIBILITY_FOCUS, ACTION_NEXT_AT_MOVEMENT_GRANULARITY, ACTION_PREVIOUS_AT_MOVEMENT_GRANULARITY, ACTION_SET_SELECTION]
E/AccessibilityNodeInfoCache( 1123): Node from: 12 not from:8 android.view.accessibility.AccessibilityNodeInfo@19198; boundsInParent: Rect(0, 0 - 95, 80); boundsInScreen: Rect(23, 557 - 118, 637); packageName: com.a1.quiz.ged.free; className: android.widget.ImageView; text: null; contentDescription: com.a1.quiz.ged.free.dto.Answer@b2fbc2a8; viewIdResName: com.a1.quiz.ged.free:id/option_img_b; checkable: false; checked: false; focusable: false; focused: false; selected: false; clickable: true; longClickable: false; enabled: true; password: false; scrollable: false; [ACTION_SELECT, ACTION_CLEAR_SELECTION, ACTION_CLICK, ACTION_ACCESSIBILITY_FOCUS, ACTION_NEXT_AT_MOVEMENT_GRANULARITY, ACTION_PREVIOUS_AT_MOVEMENT_GRANULARITY, ACTION_SET_SELECTION]
E/AccessibilityNodeInfoCache( 1123): Node from: 12 not from:8 android.view.accessibility.AccessibilityNodeInfo@19559; boundsInParent: Rect(0, 0 - 95, 80); boundsInScreen: Rect(23, 653 - 118, 733); packageName: com.a1.quiz.ged.free; className: android.widget.ImageView; text: null; contentDescription: com.a1.quiz.ged.free.dto.Answer@b2fbc548; viewIdResName: com.a1.quiz.ged.free:id/option_img_c; checkable: false; checked: false; focusable: false; focused: false; selected: false; clickable: true; longClickable: false; enabled: true; password: false; scrollable: false; [ACTION_SELECT, ACTION_CLEAR_SELECTION, ACTION_CLICK, ACTION_ACCESSIBILITY_FOCUS, ACTION_NEXT_AT_MOVEMENT_GRANULARITY, ACTION_PREVIOUS_AT_MOVEMENT_GRANULARITY, ACTION_SET_SELECTION]
E/AccessibilityNodeInfoCache( 1123): Node from: 12 not from:8 android.view.accessibility.AccessibilityNodeInfo@1a81e; boundsInParent: Rect(0, 0 - 480, 72); boundsInScreen: Rect(0, 38 - 480, 110); packageName: com.a1.quiz.ged.free; className: android.view.View; text: null; contentDescription: null; viewIdResName: android:id/action_bar; checkable: false; checked: false; focusable: false; focused: false; selected: false; clickable: false; longClickable: false; enabled: true; password: false; scrollable: false; [ACTION_SELECT, ACTION_CLEAR_SELECTION, ACTION_ACCESSIBILITY_FOCUS]
E/AccessibilityNodeInfoCache( 1123): Node from: 12 not from:8 android.view.accessibility.AccessibilityNodeInfo@1abdf; boundsInParent: Rect(0, 0 - 480, 618); boundsInScreen: Rect(0, 110 - 480, 728); packageName: com.a1.quiz.ged.free; className: android.widget.ScrollView; text: null; contentDescription: null; viewIdResName: null; checkable: false; checked: false; focusable: true; focused: false; selected: false; clickable: false; longClickable: false; enabled: true; password: false; scrollable: true; [ACTION_FOCUS, ACTION_SELECT, ACTION_CLEAR_SELECTION, ACTION_ACCESSIBILITY_FOCUS, ACTION_SCROLL_FORWARD]
E/AccessibilityNodeInfoCache( 1123): Node from: 12 not from:8 android.view.accessibility.AccessibilityNodeInfo@1afa0; boundsInParent: Rect(0, 0 - 480, 510); boundsInScreen: Rect(0, 438 - 480, 948); packageName: com.a1.quiz.ged.free; className: android.widget.LinearLayout; text: null; contentDescription: null; viewIdResName: com.a1.quiz.ged.free:id/options; checkable: false; checked: false; focusable: false; focused: false; selected: false; clickable: true; longClickable: false; enabled: true; password: false; scrollable: false; [ACTION_SELECT, ACTION_CLEAR_SELECTION, ACTION_CLICK, ACTION_ACCESSIBILITY_FOCUS]
D/AccessibilityService( 1123): on accessibility event
W/ResourceType(  520): No known package when getting name for resource number 0x9b000000
W/ResourceType(  520): No known package when getting name for resource number 0x9b010100
W/ResourceType(  520): No known package when getting name for resource number 0x9b030300
W/ResourceType(  520): No known package when getting name for resource number 0x9b040400
W/ResourceType(  520): No known package when getting name for resource number 0x9c020100
W/ResourceType(  520): No known package when getting name for resource number 0x9c030203
W/ResourceType(  520): No known package when getting name for resource number 0x9c010003
I/AccessibilityService( 1123): --------------
I/AccessibilityService( 1123): Name -> com.a1.quiz.ged.free, screen 12
W/ResourceType(  520): No known package when getting name for resource number 0x9b000000
W/ResourceType(  520): No known package when getting name for resource number 0x9b010100
D/dalvikvm( 1123): GC_CONCURRENT freed 393K, 20% free 3050K/3768K, paused 8ms+2ms, total 90ms
W/ResourceType(  520): No known package when getting name for resource number 0x9b030300
W/ResourceType(  520): No known package when getting name for resource number 0x9b040400
W/ResourceType(  520): No known package when getting name for resource number 0x9c020100
W/ResourceType(  520): No known package when getting name for resource number 0x9c030203
W/ResourceType(  520): No known package when getting name for resource number 0x9c010003
I/AccessibilityService( 1123): TREE_RESULT -> Current Node = android.view.accessibility.AccessibilityNodeInfo@8e8f; boundsInParent: Rect(0, 0 - 480, 609); boundsInScreen: Rect(-959, 60 - -479, 669); packageName: com.android.launcher; className: android.view.View; text: null; contentDescription: Home screen 1; viewIdResName: com.android.launcher:id/cell1; checkable: false; checked: false; focusable: false; focused: false; selected: false; clickable: true; longClickable: true; enabled: true; password: false; scrollable: false; [ACTION_SELECT, ACTION_CLEAR_SELECTION, ACTION_CLICK, ACTION_LONG_CLICK, ACTION_ACCESSIBILITY_FOCUS, ACTION_NEXT_AT_MOVEMENT_GRANULARITY, ACTION_PREVIOUS_AT_MOVEMENT_GRANULARITY, ACTION_SET_SELECTION]
I/AccessibilityService( 1123): Node Center Coordinate -> x = -719, y = 364
I/AccessibilityService( 1123): TREE_RESULT -> Current Node = android.view.accessibility.AccessibilityNodeInfo@c31d; boundsInParent: Rect(0, 0 - 89, 123); boundsInScreen: Rect(-467, 531 - -378, 654); packageName: com.android.settings; className: android.widget.LinearLayout; text: null; contentDescription: WiFi off; viewIdResName: com.android.settings:id/btn_wifi; checkable: false; checked: false; focusable: true; focused: false; selected: false; clickable: true; longClickable: false; enabled: true; password: false; scrollable: false; [ACTION_FOCUS, ACTION_SELECT, ACTION_CLEAR_SELECTION, ACTION_CLICK, ACTION_ACCESSIBILITY_FOCUS, ACTION_NEXT_AT_MOVEMENT_GRANULARITY, ACTION_PREVIOUS_AT_MOVEMENT_GRANULARITY, ACTION_SET_SELECTION]
I/AccessibilityService( 1123): Node Center Coordinate -> x = -423, y = 592
I/AccessibilityService( 1123): TREE_RESULT -> Current Node = android.view.accessibility.AccessibilityNodeInfo@c6de; boundsInParent: Rect(0, 0 - 89, 123); boundsInScreen: Rect(-376, 531 - -287, 654); packageName: com.android.settings; className: android.widget.LinearLayout; text: null; contentDescription: Bluetooth turning off; viewIdResName: com.android.settings:id/btn_bluetooth; checkable: false; checked: false; focusable: true; focused: false; selected: false; clickable: true; longClickable: false; enabled: true; password: false; scrollable: false; [ACTION_FOCUS, ACTION_SELECT, ACTION_CLEAR_SELECTION, ACTION_CLICK, ACTION_ACCESSIBILITY_FOCUS, ACTION_NEXT_AT_MOVEMENT_GRANULARITY, ACTION_PREVIOUS_AT_MOVEMENT_GRANULARITY, ACTION_SET_SELECTION]
I/AccessibilityService( 1123): Node Center Coordinate -> x = -332, y = 592
I/AccessibilityService( 1123): TREE_RESULT -> Current Node = android.view.accessibility.AccessibilityNodeInfo@ca9f; boundsInParent: Rect(0, 0 - 90, 123); boundsInScreen: Rect(-285, 531 - -195, 654); packageName: com.android.settings; className: android.widget.LinearLayout; text: null; contentDescription: Location on; viewIdResName: com.android.settings:id/btn_location; checkable: false; checked: false; focusable: true; focused: false; selected: false; clickable: true; longClickable: false; enabled: true; password: false; scrollable: false; [ACTION_FOCUS, ACTION_SELECT, ACTION_CLEAR_SELECTION, ACTION_CLICK, ACTION_ACCESSIBILITY_FOCUS, ACTION_NEXT_AT_MOVEMENT_GRANULARITY, ACTION_PREVIOUS_AT_MOVEMENT_GRANULARITY, ACTION_SET_SELECTION]
I/AccessibilityService( 1123): Node Center Coordinate -> x = -240, y = 592
I/AccessibilityService( 1123): TREE_RESULT -> Current Node = android.view.accessibility.AccessibilityNodeInfo@ce60; boundsInParent: Rect(0, 0 - 90, 123); boundsInScreen: Rect(-193, 531 - -103, 654); packageName: com.android.settings; className: android.widget.LinearLayout; text: null; contentDescription: Sync on; viewIdResName: com.android.settings:id/btn_sync; checkable: false; checked: false; focusable: true; focused: false; selected: false; clickable: true; longClickable: false; enabled: true; password: false; scrollable: false; [ACTION_FOCUS, ACTION_SELECT, ACTION_CLEAR_SELECTION, ACTION_CLICK, ACTION_ACCESSIBILITY_FOCUS, ACTION_NEXT_AT_MOVEMENT_GRANULARITY, ACTION_PREVIOUS_AT_MOVEMENT_GRANULARITY, ACTION_SET_SELECTION]
I/AccessibilityService( 1123): Node Center Coordinate -> x = -148, y = 592
I/AccessibilityService( 1123): TREE_RESULT -> Current Node = android.view.accessibility.AccessibilityNodeInfo@d221; boundsInParent: Rect(0, 0 - 90, 123); boundsInScreen: Rect(-101, 531 - -11, 654); packageName: com.android.settings; className: android.widget.LinearLayout; text: null; contentDescription: Brightness half; viewIdResName: com.android.settings:id/btn_brightness; checkable: false; checked: false; focusable: true; focused: false; selected: false; clickable: true; longClickable: false; enabled: true; password: false; scrollable: false; [ACTION_FOCUS, ACTION_SELECT, ACTION_CLEAR_SELECTION, ACTION_CLICK, ACTION_ACCESSIBILITY_FOCUS, ACTION_NEXT_AT_MOVEMENT_GRANULARITY, ACTION_PREVIOUS_AT_MOVEMENT_GRANULARITY, ACTION_SET_SELECTION]
I/AccessibilityService( 1123): Node Center Coordinate -> x = -56, y = 592
I/AccessibilityService( 1123): TREE_RESULT -> Current Node = android.view.accessibility.AccessibilityNodeInfo@bf5c; boundsInParent: Rect(0, 0 - 216, 276); boundsInScreen: Rect(132, 81 - 348, 357); packageName: com.android.deskclock; className: android.view.View; text: null; contentDescription: 18:06; viewIdResName: com.android.deskclock:id/analog_appwidget; checkable: false; checked: false; focusable: false; focused: false; selected: false; clickable: true; longClickable: false; enabled: true; password: false; scrollable: false; [ACTION_SELECT, ACTION_CLEAR_SELECTION, ACTION_CLICK, ACTION_ACCESSIBILITY_FOCUS, ACTION_NEXT_AT_MOVEMENT_GRANULARITY, ACTION_PREVIOUS_AT_MOVEMENT_GRANULARITY, ACTION_SET_SELECTION]
I/AccessibilityService( 1123): Node Center Coordinate -> x = 240, y = 219
I/AccessibilityService( 1123): TREE_RESULT -> Current Node = android.view.accessibility.AccessibilityNodeInfo@bb9b; boundsInParent: Rect(524234, 0 - 524354, 150); boundsInScreen: Rect(720, 519 - 840, 669); packageName: com.android.launcher; className: android.widget.TextView; text: Settings; contentDescription: null; viewIdResName: null; checkable: false; checked: false; focusable: true; focused: false; selected: false; clickable: true; longClickable: true; enabled: true; password: false; scrollable: false; [ACTION_FOCUS, ACTION_SELECT, ACTION_CLEAR_SELECTION, ACTION_CLICK, ACTION_LONG_CLICK, ACTION_ACCESSIBILITY_FOCUS, ACTION_NEXT_AT_MOVEMENT_GRANULARITY, ACTION_PREVIOUS_AT_MOVEMENT_GRANULARITY, ACTION_SET_SELECTION]
I/AccessibilityService( 1123): Node Center Coordinate -> x = 780, y = 594
I/AccessibilityService( 1123): TREE_RESULT -> Current Node = android.view.accessibility.AccessibilityNodeInfo@9d93; boundsInParent: Rect(0, 0 - 480, 609); boundsInScreen: Rect(960, 60 - 1440, 669); packageName: com.android.launcher; className: android.view.View; text: null; contentDescription: Home screen 5; viewIdResName: com.android.launcher:id/cell5; checkable: false; checked: false; focusable: false; focused: false; selected: false; clickable: true; longClickable: true; enabled: true; password: false; scrollable: false; [ACTION_SELECT, ACTION_CLEAR_SELECTION, ACTION_CLICK, ACTION_LONG_CLICK, ACTION_ACCESSIBILITY_FOCUS, ACTION_NEXT_AT_MOVEMENT_GRANULARITY, ACTION_PREVIOUS_AT_MOVEMENT_GRANULARITY, ACTION_SET_SELECTION]
I/AccessibilityService( 1123): Node Center Coordinate -> x = 1200, y = 364
I/AccessibilityService( 1123): TREE_RESULT -> Current Node = android.view.accessibility.AccessibilityNodeInfo@7f8b; boundsInParent: Rect(0, 0 - 224, 65); boundsInScreen: Rect(10, -26 - 234, 38); packageName: com.android.launcher; className: android.widget.TextView; text: Remove; contentDescription: null; viewIdResName: com.android.launcher:id/delete_target_text; checkable: false; checked: false; focusable: false; focused: false; selected: false; clickable: false; longClickable: false; enabled: true; password: false; scrollable: false; [ACTION_SELECT, ACTION_CLEAR_SELECTION, ACTION_ACCESSIBILITY_FOCUS, ACTION_NEXT_AT_MOVEMENT_GRANULARITY, ACTION_PREVIOUS_AT_MOVEMENT_GRANULARITY, ACTION_SET_SELECTION]
I/AccessibilityService( 1123): Node Center Coordinate -> x = 122, y = 6
I/AccessibilityService( 1123): TREE_RESULT -> Current Node = android.view.accessibility.AccessibilityNodeInfo@834c; boundsInParent: Rect(0, 0 - 227, 65); boundsInScreen: Rect(244, -26 - 471, 38); packageName: com.android.launcher; className: android.widget.TextView; text: App info; contentDescription: null; viewIdResName: com.android.launcher:id/info_target_text; checkable: false; checked: false; focusable: false; focused: false; selected: false; clickable: false; longClickable: false; enabled: true; password: false; scrollable: false; [ACTION_SELECT, ACTION_CLEAR_SELECTION, ACTION_ACCESSIBILITY_FOCUS, ACTION_NEXT_AT_MOVEMENT_GRANULARITY, ACTION_PREVIOUS_AT_MOVEMENT_GRANULARITY, ACTION_SET_SELECTION]
I/AccessibilityService( 1123): Node Center Coordinate -> x = 357, y = 6
I/AccessibilityService( 1123): TREE_RESULT -> Current Node = android.view.accessibility.AccessibilityNodeInfo@870d; boundsInParent: Rect(0, 0 - 458, 48); boundsInScreen: Rect(11, 49 - 469, 97); packageName: com.android.launcher; className: android.widget.LinearLayout; text: null; contentDescription: Search; viewIdResName: com.android.launcher:id/search_button_container; checkable: false; checked: false; focusable: true; focused: false; selected: false; clickable: true; longClickable: false; enabled: true; password: false; scrollable: false; [ACTION_FOCUS, ACTION_SELECT, ACTION_CLEAR_SELECTION, ACTION_CLICK, ACTION_ACCESSIBILITY_FOCUS, ACTION_NEXT_AT_MOVEMENT_GRANULARITY, ACTION_PREVIOUS_AT_MOVEMENT_GRANULARITY, ACTION_SET_SELECTION]
I/AccessibilityService( 1123): Node Center Coordinate -> x = 240, y = 73
I/AccessibilityService( 1123): TREE_RESULT -> Current Node = android.view.accessibility.AccessibilityNodeInfo@a154; boundsInParent: Rect(524246, 0 - 524342, 96); boundsInScreen: Rect(0, 634 - 96, 730); packageName: com.android.launcher; className: android.widget.TextView; text: Phone; contentDescription: null; viewIdResName: null; checkable: false; checked: false; focusable: true; focused: false; selected: false; clickable: true; longClickable: true; enabled: true; password: false; scrollable: false; [ACTION_FOCUS, ACTION_SELECT, ACTION_CLEAR_SELECTION, ACTION_CLICK, ACTION_LONG_CLICK, ACTION_ACCESSIBILITY_FOCUS, ACTION_NEXT_AT_MOVEMENT_GRANULARITY, ACTION_PREVIOUS_AT_MOVEMENT_GRANULARITY, ACTION_SET_SELECTION]
I/AccessibilityService( 1123): Node Center Coordinate -> x = 48, y = 682
I/AccessibilityService( 1123): TREE_RESULT -> Current Node = android.view.accessibility.AccessibilityNodeInfo@a515; boundsInParent: Rect(524246, 0 - 524342, 96); boundsInScreen: Rect(96, 634 - 192, 730); packageName: com.android.launcher; className: android.widget.TextView; text: People; contentDescription: null; viewIdResName: null; checkable: false; checked: false; focusable: true; focused: false; selected: false; clickable: true; longClickable: true; enabled: true; password: false; scrollable: false; [ACTION_FOCUS, ACTION_SELECT, ACTION_CLEAR_SELECTION, ACTION_CLICK, ACTION_LONG_CLICK, ACTION_ACCESSIBILITY_FOCUS, ACTION_NEXT_AT_MOVEMENT_GRANULARITY, ACTION_PREVIOUS_AT_MOVEMENT_GRANULARITY, ACTION_SET_SELECTION]
I/AccessibilityService( 1123): Node Center Coordinate -> x = 144, y = 682
I/AccessibilityService( 1123): TREE_RESULT -> Current Node = android.view.accessibility.AccessibilityNodeInfo@a8d6; boundsInParent: Rect(524246, 0 - 524342, 96); boundsInScreen: Rect(192, 634 - 288, 730); packageName: com.android.launcher; className: android.widget.TextView; text: null; contentDescription: Apps; viewIdResName: null; checkable: false; checked: false; focusable: true; focused: false; selected: false; clickable: true; longClickable: false; enabled: true; password: false; scrollable: false; [ACTION_FOCUS, ACTION_SELECT, ACTION_CLEAR_SELECTION, ACTION_CLICK, ACTION_ACCESSIBILITY_FOCUS]
I/AccessibilityService( 1123): Node Center Coordinate -> x = 240, y = 682
I/AccessibilityService( 1123): TREE_RESULT -> Current Node = android.view.accessibility.AccessibilityNodeInfo@ac97; boundsInParent: Rect(524246, 0 - 524342, 96); boundsInScreen: Rect(288, 634 - 384, 730); packageName: com.android.launcher; className: android.widget.TextView; text: Messaging; contentDescription: null; viewIdResName: null; checkable: false; checked: false; focusable: true; focused: false; selected: false; clickable: true; longClickable: true; enabled: true; password: false; scrollable: false; [ACTION_FOCUS, ACTION_SELECT, ACTION_CLEAR_SELECTION, ACTION_CLICK, ACTION_LONG_CLICK, ACTION_ACCESSIBILITY_FOCUS, ACTION_NEXT_AT_MOVEMENT_GRANULARITY, ACTION_PREVIOUS_AT_MOVEMENT_GRANULARITY, ACTION_SET_SELECTION]
I/AccessibilityService( 1123): Node Center Coordinate -> x = 336, y = 682
I/AccessibilityService( 1123): TREE_RESULT -> Current Node = android.view.accessibility.AccessibilityNodeInfo@b058; boundsInParent: Rect(524246, 0 - 524342, 96); boundsInScreen: Rect(384, 634 - 480, 730); packageName: com.android.launcher; className: android.widget.TextView; text: Browser; contentDescription: null; viewIdResName: null; checkable: false; checked: false; focusable: true; focused: false; selected: false; clickable: true; longClickable: true; enabled: true; password: false; scrollable: false; [ACTION_FOCUS, ACTION_SELECT, ACTION_CLEAR_SELECTION, ACTION_CLICK, ACTION_LONG_CLICK, ACTION_ACCESSIBILITY_FOCUS, ACTION_NEXT_AT_MOVEMENT_GRANULARITY, ACTION_PREVIOUS_AT_MOVEMENT_GRANULARITY, ACTION_SET_SELECTION]
I/AccessibilityService( 1123): Node Center Coordinate -> x = 432, y = 682
I/AccessibilityService( 1123): CHECKER_RESULT -> [{"packageName":"com.a1.quiz.ged.free","checks":[{"numNodesChecked":0,"checkType":"EDITABLE_CONTENT_DESC","messages":[],"totalErrors":0}]}]
I/AccessibilityService( 1123): CHECKER_RESULT -> [{"packageName":"com.a1.quiz.ged.free","checks":[{"numNodesChecked":25,"checkType":"DUPLICATE_CLICKABLE_BOUNDS","messages":[],"totalErrors":0}]}]
I/AccessibilityService( 1123): CHECKER_RESULT -> [{"packageName":"com.a1.quiz.ged.free","checks":[{"numNodesChecked":15,"checkType":"EDITABLE_CONTENT_DESC","messages":[],"totalErrors":0}]}]
I/AccessibilityService( 1123): CHECKER_RESULT -> [{"packageName":"com.a1.quiz.ged.free","checks":[{"numNodesChecked":8,"checkType":"CLICKABLE_SPAN","messages":[],"totalErrors":0}]}]
I/AccessibilityService( 1123): CHECKER_RESULT -> [{"packageName":"com.a1.quiz.ged.free","checks":[{"numNodesChecked":20,"checkType":"TOUCH_TARGET_SIZE","messages":[{"count":1,"message":"View is too small of a touch target. Minimum touch target size is 48x48dp."}],"totalErrors":1}]}]
I/AccessibilityService( 1123): CHECKER_RESULT -> [{"packageName":"com.a1.quiz.ged.free","checks":[{"numNodesChecked":9,"checkType":"SPEAKABLE_TEXT_PRESENT","messages":[],"totalErrors":0}]}]
E/AccessibilityNodeInfoCache( 1123): Node from: 12 not from:8 android.view.accessibility.AccessibilityNodeInfo@14684; boundsInParent: Rect(0, 0 - 480, 728); boundsInScreen: Rect(0, 0 - 480, 728); packageName: com.a1.quiz.ged.free; className: android.widget.FrameLayout; text: null; contentDescription: null; viewIdResName: null; checkable: false; checked: false; focusable: false; focused: false; selected: false; clickable: false; longClickable: false; enabled: true; password: false; scrollable: false; [ACTION_SELECT, ACTION_CLEAR_SELECTION, ACTION_ACCESSIBILITY_FOCUS]
E/AccessibilityNodeInfoCache( 1123): Node from: 12 not from:8 android.view.accessibility.AccessibilityNodeInfo@14a45; boundsInParent: Rect(0, 0 - 480, 879); boundsInScreen: Rect(0, 110 - 480, 989); packageName: com.a1.quiz.ged.free; className: android.widget.LinearLayout; text: null; contentDescription: null; viewIdResName: com.a1.quiz.ged.free:id/quiz_layout; checkable: false; checked: false; focusable: true; focused: true; selected: false; clickable: false; longClickable: false; enabled: true; password: false; scrollable: false; [ACTION_CLEAR_FOCUS, ACTION_SELECT, ACTION_CLEAR_SELECTION, ACTION_ACCESSIBILITY_FOCUS]
E/AccessibilityNodeInfoCache( 1123): Node from: 12 not from:8 android.view.accessibility.AccessibilityNodeInfo@15949; boundsInParent: Rect(0, 0 - 72, 37); boundsInScreen: Rect(73, 55 - 145, 92); packageName: com.a1.quiz.ged.free; className: android.widget.TextView; text: Home; contentDescription: null; viewIdResName: android:id/action_bar_title; checkable: false; checked: false; focusable: false; focused: false; selected: false; clickable: false; longClickable: false; enabled: true; password: false; scrollable: false; [ACTION_SELECT, ACTION_CLEAR_SELECTION, ACTION_ACCESSIBILITY_FOCUS, ACTION_NEXT_AT_MOVEMENT_GRANULARITY, ACTION_PREVIOUS_AT_MOVEMENT_GRANULARITY, ACTION_SET_SELECTION]
E/AccessibilityNodeInfoCache( 1123): Node from: 12 not from:8 android.view.accessibility.AccessibilityNodeInfo@15d0a; boundsInParent: Rect(0, 0 - 157, 72); boundsInScreen: Rect(0, 38 - 157, 110); packageName: com.a1.quiz.ged.free; className: android.widget.LinearLayout; text: null; contentDescription: Home, Navigate up; viewIdResName: null; checkable: false; checked: false; focusable: true; focused: false; selected: false; clickable: true; longClickable: false; enabled: true; password: false; scrollable: false; [ACTION_FOCUS, ACTION_SELECT, ACTION_CLEAR_SELECTION, ACTION_CLICK, ACTION_ACCESSIBILITY_FOCUS, ACTION_NEXT_AT_MOVEMENT_GRANULARITY, ACTION_PREVIOUS_AT_MOVEMENT_GRANULARITY, ACTION_SET_SELECTION]
E/AccessibilityNodeInfoCache( 1123): Node from: 12 not from:8 android.view.accessibility.AccessibilityNodeInfo@160cb; boundsInParent: Rect(0, 0 - 324, 91); boundsInScreen: Rect(141, 551 - 465, 642); packageName: com.a1.quiz.ged.free; className: android.widget.TextView; text: first-year students only; contentDescription: null; viewIdResName: com.a1.quiz.ged.free:id/option_txt_b; checkable: false; checked: false; focusable: false; focused: false; selected: false; clickable: true; longClickable: false; enabled: true; password: false; scrollable: false; [ACTION_SELECT, ACTION_CLEAR_SELECTION, ACTION_CLICK, ACTION_ACCESSIBILITY_FOCUS, ACTION_NEXT_AT_MOVEMENT_GRANULARITY, ACTION_PREVIOUS_AT_MOVEMENT_GRANULARITY, ACTION_SET_SELECTION]
E/AccessibilityNodeInfoCache( 1123): Node from: 12 not from:8 android.view.accessibility.AccessibilityNodeInfo@16fcf; boundsInParent: Rect(0, 0 - 196, 80); boundsInScreen: Rect(142, 353 - 338, 433); packageName: com.a1.quiz.ged.free; className: android.widget.ImageView; text: null; contentDescription: GED Test Complete; viewIdResName: com.a1.quiz.ged.free:id/topic_img; checkable: false; checked: false; focusable: false; focused: false; selected: false; clickable: true; longClickable: false; enabled: true; password: false; scrollable: false; [ACTION_SELECT, ACTION_CLEAR_SELECTION, ACTION_CLICK, ACTION_ACCESSIBILITY_FOCUS, ACTION_NEXT_AT_MOVEMENT_GRANULARITY, ACTION_PREVIOUS_AT_MOVEMENT_GRANULARITY, ACTION_SET_SELECTION]
E/AccessibilityNodeInfoCache( 1123): Node from: 12 not from:8 android.view.accessibility.AccessibilityNodeInfo@18655; boundsInParent: Rect(0, 0 - 95, 80); boundsInScreen: Rect(23, 749 - 118, 829); packageName: com.a1.quiz.ged.free; className: android.widget.ImageView; text: null; contentDescription: com.a1.quiz.ged.free.dto.Answer@b2fbc380; viewIdResName: com.a1.quiz.ged.free:id/option_img_d; checkable: false; checked: false; focusable: false; focused: false; selected: false; clickable: true; longClickable: false; enabled: true; password: false; scrollable: false; [ACTION_SELECT, ACTION_CLEAR_SELECTION, ACTION_CLICK, ACTION_ACCESSIBILITY_FOCUS, ACTION_NEXT_AT_MOVEMENT_GRANULARITY, ACTION_PREVIOUS_AT_MOVEMENT_GRANULARITY, ACTION_SET_SELECTION]
E/AccessibilityNodeInfoCache( 1123): Node from: 12 not from:8 android.view.accessibility.AccessibilityNodeInfo@18a16; boundsInParent: Rect(0, 0 - 95, 80); boundsInScreen: Rect(23, 845 - 118, 925); packageName: com.a1.quiz.ged.free; className: android.widget.ImageView; text: null; contentDescription: com.a1.quiz.ged.free.dto.Answer@b2fbc418; viewIdResName: com.a1.quiz.ged.free:id/option_img_e; checkable: false; checked: false; focusable: false; focused: false; selected: false; clickable: true; longClickable: false; enabled: true; password: false; scrollable: false; [ACTION_SELECT, ACTION_CLEAR_SELECTION, ACTION_CLICK, ACTION_ACCESSIBILITY_FOCUS, ACTION_NEXT_AT_MOVEMENT_GRANULARITY, ACTION_PREVIOUS_AT_MOVEMENT_GRANULARITY, ACTION_SET_SELECTION]
E/AccessibilityNodeInfoCache( 1123): Node from: 12 not from:8 android.view.accessibility.AccessibilityNodeInfo@18dd7; boundsInParent: Rect(0, 0 - 95, 80); boundsInScreen: Rect(23, 461 - 118, 541); packageName: com.a1.quiz.ged.free; className: android.widget.ImageView; text: null; contentDescription: com.a1.quiz.ged.free.dto.Answer@b2fbc4a0; viewIdResName: com.a1.quiz.ged.free:id/option_img_a; checkable: false; checked: false; focusable: false; focused: false; selected: false; clickable: true; longClickable: false; enabled: true; password: false; scrollable: false; [ACTION_SELECT, ACTION_CLEAR_SELECTION, ACTION_CLICK, ACTION_ACCESSIBILITY_FOCUS, ACTION_NEXT_AT_MOVEMENT_GRANULARITY, ACTION_PREVIOUS_AT_MOVEMENT_GRANULARITY, ACTION_SET_SELECTION]
E/AccessibilityNodeInfoCache( 1123): Node from: 12 not from:8 android.view.accessibility.AccessibilityNodeInfo@19198; boundsInParent: Rect(0, 0 - 95, 80); boundsInScreen: Rect(23, 557 - 118, 637); packageName: com.a1.quiz.ged.free; className: android.widget.ImageView; text: null; contentDescription: com.a1.quiz.ged.free.dto.Answer@b2fbc2a8; viewIdResName: com.a1.quiz.ged.free:id/option_img_b; checkable: false; checked: false; focusable: false; focused: false; selected: false; clickable: true; longClickable: false; enabled: true; password: false; scrollable: false; [ACTION_SELECT, ACTION_CLEAR_SELECTION, ACTION_CLICK, ACTION_ACCESSIBILITY_FOCUS, ACTION_NEXT_AT_MOVEMENT_GRANULARITY, ACTION_PREVIOUS_AT_MOVEMENT_GRANULARITY, ACTION_SET_SELECTION]
E/AccessibilityNodeInfoCache( 1123): Node from: 12 not from:8 android.view.accessibility.AccessibilityNodeInfo@19559; boundsInParent: Rect(0, 0 - 95, 80); boundsInScreen: Rect(23, 653 - 118, 733); packageName: com.a1.quiz.ged.free; className: android.widget.ImageView; text: null; contentDescription: com.a1.quiz.ged.free.dto.Answer@b2fbc548; viewIdResName: com.a1.quiz.ged.free:id/option_img_c; checkable: false; checked: false; focusable: false; focused: false; selected: false; clickable: true; longClickable: false; enabled: true; password: false; scrollable: false; [ACTION_SELECT, ACTION_CLEAR_SELECTION, ACTION_CLICK, ACTION_ACCESSIBILITY_FOCUS, ACTION_NEXT_AT_MOVEMENT_GRANULARITY, ACTION_PREVIOUS_AT_MOVEMENT_GRANULARITY, ACTION_SET_SELECTION]
E/AccessibilityNodeInfoCache( 1123): Node from: 12 not from:8 android.view.accessibility.AccessibilityNodeInfo@1a81e; boundsInParent: Rect(0, 0 - 480, 72); boundsInScreen: Rect(0, 38 - 480, 110); packageName: com.a1.quiz.ged.free; className: android.view.View; text: null; contentDescription: null; viewIdResName: android:id/action_bar; checkable: false; checked: false; focusable: false; focused: false; selected: false; clickable: false; longClickable: false; enabled: true; password: false; scrollable: false; [ACTION_SELECT, ACTION_CLEAR_SELECTION, ACTION_ACCESSIBILITY_FOCUS]
E/AccessibilityNodeInfoCache( 1123): Node from: 12 not from:8 android.view.accessibility.AccessibilityNodeInfo@1abdf; boundsInParent: Rect(0, 0 - 480, 618); boundsInScreen: Rect(0, 110 - 480, 728); packageName: com.a1.quiz.ged.free; className: android.widget.ScrollView; text: null; contentDescription: null; viewIdResName: null; checkable: false; checked: false; focusable: true; focused: false; selected: false; clickable: false; longClickable: false; enabled: true; password: false; scrollable: true; [ACTION_FOCUS, ACTION_SELECT, ACTION_CLEAR_SELECTION, ACTION_ACCESSIBILITY_FOCUS, ACTION_SCROLL_FORWARD]
E/AccessibilityNodeInfoCache( 1123): Node from: 12 not from:8 android.view.accessibility.AccessibilityNodeInfo@1afa0; boundsInParent: Rect(0, 0 - 480, 510); boundsInScreen: Rect(0, 438 - 480, 948); packageName: com.a1.quiz.ged.free; className: android.widget.LinearLayout; text: null; contentDescription: null; viewIdResName: com.a1.quiz.ged.free:id/options; checkable: false; checked: false; focusable: false; focused: false; selected: false; clickable: true; longClickable: false; enabled: true; password: false; scrollable: false; [ACTION_SELECT, ACTION_CLEAR_SELECTION, ACTION_CLICK, ACTION_ACCESSIBILITY_FOCUS]
D/AccessibilityService( 1123): on accessibility event
W/ResourceType(  520): No known package when getting name for resource number 0x9b000000
W/ResourceType(  520): No known package when getting name for resource number 0x9b010100
W/ResourceType(  520): No known package when getting name for resource number 0x9b030300
W/ResourceType(  520): No known package when getting name for resource number 0x9b040400
D/dalvikvm( 1123): GC_CONCURRENT freed 478K, 20% free 3042K/3768K, paused 4ms+3ms, total 112ms
W/ResourceType(  520): No known package when getting name for resource number 0x9c020100
W/ResourceType(  520): No known package when getting name for resource number 0x9c030203
W/ResourceType(  520): No known package when getting name for resource number 0x9c010003
I/AccessibilityService( 1123): --------------
I/AccessibilityService( 1123): Name -> com.a1.quiz.ged.free, screen 12
W/ResourceType(  520): No known package when getting name for resource number 0x9b000000
W/ResourceType(  520): No known package when getting name for resource number 0x9b010100
W/ResourceType(  520): No known package when getting name for resource number 0x9b030300
W/ResourceType(  520): No known package when getting name for resource number 0x9b040400
W/ResourceType(  520): No known package when getting name for resource number 0x9c020100
W/ResourceType(  520): No known package when getting name for resource number 0x9c030203
W/ResourceType(  520): No known package when getting name for resource number 0x9c010003
I/AccessibilityService( 1123): TREE_RESULT -> Current Node = android.view.accessibility.AccessibilityNodeInfo@8e8f; boundsInParent: Rect(0, 0 - 480, 609); boundsInScreen: Rect(-959, 60 - -479, 669); packageName: com.android.launcher; className: android.view.View; text: null; contentDescription: Home screen 1; viewIdResName: com.android.launcher:id/cell1; checkable: false; checked: false; focusable: false; focused: false; selected: false; clickable: true; longClickable: true; enabled: true; password: false; scrollable: false; [ACTION_SELECT, ACTION_CLEAR_SELECTION, ACTION_CLICK, ACTION_LONG_CLICK, ACTION_ACCESSIBILITY_FOCUS, ACTION_NEXT_AT_MOVEMENT_GRANULARITY, ACTION_PREVIOUS_AT_MOVEMENT_GRANULARITY, ACTION_SET_SELECTION]
I/AccessibilityService( 1123): Node Center Coordinate -> x = -719, y = 364
I/AccessibilityService( 1123): TREE_RESULT -> Current Node = android.view.accessibility.AccessibilityNodeInfo@c31d; boundsInParent: Rect(0, 0 - 89, 123); boundsInScreen: Rect(-467, 531 - -378, 654); packageName: com.android.settings; className: android.widget.LinearLayout; text: null; contentDescription: WiFi off; viewIdResName: com.android.settings:id/btn_wifi; checkable: false; checked: false; focusable: true; focused: false; selected: false; clickable: true; longClickable: false; enabled: true; password: false; scrollable: false; [ACTION_FOCUS, ACTION_SELECT, ACTION_CLEAR_SELECTION, ACTION_CLICK, ACTION_ACCESSIBILITY_FOCUS, ACTION_NEXT_AT_MOVEMENT_GRANULARITY, ACTION_PREVIOUS_AT_MOVEMENT_GRANULARITY, ACTION_SET_SELECTION]
I/AccessibilityService( 1123): Node Center Coordinate -> x = -423, y = 592
I/AccessibilityService( 1123): TREE_RESULT -> Current Node = android.view.accessibility.AccessibilityNodeInfo@c6de; boundsInParent: Rect(0, 0 - 89, 123); boundsInScreen: Rect(-376, 531 - -287, 654); packageName: com.android.settings; className: android.widget.LinearLayout; text: null; contentDescription: Bluetooth turning off; viewIdResName: com.android.settings:id/btn_bluetooth; checkable: false; checked: false; focusable: true; focused: false; selected: false; clickable: true; longClickable: false; enabled: true; password: false; scrollable: false; [ACTION_FOCUS, ACTION_SELECT, ACTION_CLEAR_SELECTION, ACTION_CLICK, ACTION_ACCESSIBILITY_FOCUS, ACTION_NEXT_AT_MOVEMENT_GRANULARITY, ACTION_PREVIOUS_AT_MOVEMENT_GRANULARITY, ACTION_SET_SELECTION]
I/AccessibilityService( 1123): Node Center Coordinate -> x = -332, y = 592
