D/MobileDataStateTracker(  358): hipri: Broadcast received: android.intent.action.ANY_DATA_STATE apnType=hipri
D/MobileDataStateTracker(  358): hipri: Received state=CONNECTED, old=CONNECTING, reason=dataEnabled
D/MobileDataStateTracker(  358): hipri: setDetailed state, old =CONNECTING and new state=CONNECTED
D/ConnectivityService(  358): ConnectivityChange for mobile_hipri: CONNECTED/CONNECTED
E/ConnectivityService(  358): Exception trying to add a route: java.lang.IllegalStateException: command '18 interface fwmark exempt add 10.0.2.2/32' failed with '400 18 Failed to add exemption rule (File exists)'
E/ConnectivityService(  358): Exception trying to add a route: java.lang.IllegalStateException: command '20 interface fwmark exempt add 10.0.2.3/32' failed with '400 20 Failed to add exemption rule (File exists)'
V/KeyguardTouchDelegate(  650): Connected to keyguard
D/MobileDataStateTracker(  358): hipri: isProvisioningNetwork: retVal=false
D/ConnectivityService(  358): [CheckMp] isMobileOk: isProvisioningNetwork is false, continue
E/NetdConnector(  358): NDC Command {22 interface fwmark exempt add 10.0.2.2/32} took too long (2043ms)
E/ConnectivityService(  358): Exception trying to add a route: java.lang.IllegalStateException: command '22 interface fwmark exempt add 10.0.2.2/32' failed with '400 22 Failed to add exemption rule (File exists)'
E/ConnectivityService(  358): Exception trying to add a route: java.lang.IllegalStateException: command '24 interface fwmark exempt add 10.0.2.4/32' failed with '400 24 Failed to add exemption rule (File exists)'
W/FrameworkListener(   55): Handler 'interface' error (No such device)
E/ConnectivityService(  358): Exception trying to add a route: java.lang.IllegalStateException: command '25 interface route add eth0 secondary 10.0.2.2 32 0.0.0.0' failed with '400 25 ip route modification failed (No such device)'
W/FrameworkListener(   55): Handler 'interface' error (No such device)
E/ConnectivityService(  358): Exception trying to add a route: java.lang.IllegalStateException: command '26 interface route add eth0 secondary 0.0.0.0 0 10.0.2.2' failed with '400 26 ip route modification failed (No such device)'
D/Nat464Xlat(  358): requiresClat: netType=5, hasIPv4Address=true
D/MobileDataStateTracker(  358): default: setPolicyDataEnable(enabled=true)
W/NetworkPolicy(  358): shared quota unsupported; generating rule for each iface
E/NetdConnector(  358): NDC Command {28 bandwidth removeiquota eth0} took too long (3109ms)
E/NetdConnector(  358): NDC Command {29 bandwidth setiquota eth0 9223372036854775807} took too long (1998ms)
E/NetdConnector(  358): NDC Command {30 bandwidth removeiquota eth0} took too long (807ms)
E/NetdConnector(  358): NDC Command {31 bandwidth setiquota eth0 9223372036854775807} took too long (2089ms)
D/MobileDataStateTracker(  358): default: setPolicyDataEnable(enabled=true)
I/ActivityManager(  358): Waited long enough for: ServiceRecord{b304f678 u0 com.android.providers.media/.MediaScannerService}
D/ConnectivityService(  358): [CheckMp] isMobileOk: addresses=clients3.google.com/172.217.0.142
D/ConnectivityService(  358): [CheckMp] isMobileOk: linkHasIpv4=true linkHasIpv6=false
E/ConnectivityService(  358): Exception trying to add a route: java.lang.IllegalStateException: command '34 interface fwmark exempt add 10.0.2.2/32' failed with '400 34 Failed to add exemption rule (File exists)'
E/ConnectivityService(  358): Exception trying to add a route: java.lang.IllegalStateException: command '36 interface fwmark exempt add 172.217.0.142/32' failed with '400 36 Failed to add exemption rule (File exists)'
D/ConnectivityService(  358): requestRouteToHostAddress ok=false
D/ConnectivityService(  358): [CheckMp] isMobileOk: could not establish route to hostAddr=clients3.google.com/172.217.0.142
E/ConnectivityService(  358): Exception trying to add a route: java.lang.IllegalStateException: command '38 interface fwmark exempt add 10.0.2.2/32' failed with '400 38 Failed to add exemption rule (File exists)'
E/ConnectivityService(  358): Exception trying to add a route: java.lang.IllegalStateException: command '40 interface fwmark exempt add 172.217.0.142/32' failed with '400 40 Failed to add exemption rule (File exists)'
D/ConnectivityService(  358): requestRouteToHostAddress ok=false
D/ConnectivityService(  358): [CheckMp] isMobileOk: could not establish route to hostAddr=clients3.google.com/172.217.0.142
I/ActivityManager(  358): Start proc com.android.music for broadcast com.android.music/.MediaButtonIntentReceiver: pid=766 uid=10032 gids={50032, 3003, 1028, 1015}
E/ConnectivityService(  358): Exception trying to add a route: java.lang.IllegalStateException: command '42 interface fwmark exempt add 10.0.2.2/32' failed with '400 42 Failed to add exemption rule (File exists)'
E/ConnectivityService(  358): Exception trying to add a route: java.lang.IllegalStateException: command '44 interface fwmark exempt add 172.217.0.142/32' failed with '400 44 Failed to add exemption rule (File exists)'
D/ConnectivityService(  358): requestRouteToHostAddress ok=false
D/ConnectivityService(  358): [CheckMp] isMobileOk: could not establish route to hostAddr=clients3.google.com/172.217.0.142
E/ConnectivityService(  358): Exception trying to add a route: java.lang.IllegalStateException: command '46 interface fwmark exempt add 10.0.2.2/32' failed with '400 46 Failed to add exemption rule (File exists)'
E/ConnectivityService(  358): Exception trying to add a route: java.lang.IllegalStateException: command '48 interface fwmark exempt add 172.217.0.142/32' failed with '400 48 Failed to add exemption rule (File exists)'
D/ConnectivityService(  358): requestRouteToHostAddress ok=false
D/ConnectivityService(  358): [CheckMp] isMobileOk: could not establish route to hostAddr=clients3.google.com/172.217.0.142
D/ConnectivityService(  358): [CheckMp] isMobileOk: too many loops tried - giving up
D/ConnectivityService(  358): [CheckMp] isMobileOk: X loops|timed out result=0
D/ConnectivityService(  358): [CheckMp] isMobileOk: F stop hipri
D/MobileDataStateTracker(  358): default: setEnableFailFastMobileData(enabled=0)
D/ConnectivityService(  358): stopUsingNetworkFeature: teardown net 0: enableHIPRI
D/MobileDataStateTracker(  358): hipri: Broadcast received: android.intent.action.ANY_DATA_STATE apnType=hipri
D/MobileDataStateTracker(  358): hipri: Received state=DISCONNECTED, old=CONNECTED, reason=dataDisabled
D/MobileDataStateTracker(  358): hipri: setDetailed state, old =CONNECTED and new state=DISCONNECTED
D/ConnectivityService(  358): ConnectivityChange for mobile_hipri: DISCONNECTED/DISCONNECTED
W/FrameworkListener(   55): Handler 'interface' error (No such device)
W/FrameworkListener(   55): Handler 'interface' error (No such device)
D/Nat464Xlat(  358): requiresClat: netType=5, hasIPv4Address=true
D/MobileDataStateTracker(  358): default: setPolicyDataEnable(enabled=true)
W/ProcessCpuTracker(  358): Skipping unknown process pid 793
E/NetdConnector(  358): NDC Command {56 bandwidth removeiquota eth0} took too long (1549ms)
E/NetdConnector(  358): NDC Command {57 bandwidth gettetherstats} took too long (1589ms)
E/NetdConnector(  358): NDC Command {58 bandwidth setiquota eth0 9223372036854775807} took too long (1496ms)
D/MobileDataStateTracker(  358): default: setPolicyDataEnable(enabled=true)
D/ConnectivityService(  358): [CheckMp] isMobileOk: X result=0
D/ConnectivityService(  358): [CheckMp] onPostExecute: result=0
D/ConnectivityService(  358): CheckMp.onComplete: result=0
D/ConnectivityService(  358): CheckMp.onComplete: ignore, connected or no connection
E/NetdConnector(  358): NDC Command {59 bandwidth removeiquota eth0} took too long (1794ms)
E/NetdConnector(  358): NDC Command {60 bandwidth setiquota eth0 9223372036854775807} took too long (828ms)
D/MobileDataStateTracker(  358): default: setPolicyDataEnable(enabled=true)
D/MobileDataStateTracker(  358): default: setPolicyDataEnable(enabled=true)
I/ActivityManager(  358): Waited long enough for: ServiceRecord{b2fa8580 u0 com.android.music/.MediaPlaybackService}
W/BroadcastQueue(  358): Timeout of broadcast BroadcastRecord{b2f5ec68 u0 android.intent.action.BOOT_COMPLETED} - receiver=android.os.BinderProxy@b2fade40, started 60008ms ago
W/BroadcastQueue(  358): Receiver during timeout: BroadcastFilter{b2fb1a50 u0 ReceiverList{b2fae4c8 410 com.android.systemui/10007/u0 remote:b2fade40}}
I/ActivityManager(  358): Start proc com.android.dialer for broadcast com.android.dialer/.calllog.CallLogReceiver: pid=837 uid=10004 gids={50004, 3003, 1028, 1015}
I/ActivityManager(  358): Delay finish: com.android.dialer/.calllog.CallLogReceiver
I/ActivityManager(  358): Resuming delayed broadcast
V/WiredAccessoryManager(  358): init()
I/PowerManagerService(  358): Boot animation finished.
I/ActivityManager(  358): Start proc com.android.providers.calendar for broadcast com.android.providers.calendar/.CalendarReceiver: pid=856 uid=10001 gids={50001, 3003, 1028, 1015}
I/BootReceiver(  358): Copying audit failures to DropBox
I/BootReceiver(  358): Checking for fsck errors
I/ActivityManager(  358): Delay finish: com.android.providers.calendar/.CalendarReceiver
I/ActivityManager(  358): Resuming delayed broadcast
I/ActivityManager(  358): Delay finish: com.android.providers.downloads/.DownloadReceiver
I/ActivityManager(  358): Resuming delayed broadcast
I/ActivityManager(  358): Delay finish: com.android.providers.media/.MediaScannerReceiver
I/ActivityManager(  358): Resuming delayed broadcast
I/ActivityManager(  358): Start proc com.android.mms for broadcast com.android.mms/.transaction.MmsSystemEventReceiver: pid=876 uid=10009 gids={50009, 3003, 1028, 1015}
D/CountryDetector(  358): The first listener is added
I/ActivityManager(  358): Delay finish: com.android.mms/.transaction.MmsSystemEventReceiver
I/ActivityManager(  358): Resuming delayed broadcast
I/ActivityManager(  358): Delay finish: com.android.mms/.transaction.SmsReceiver
I/ActivityManager(  358): Resuming delayed broadcast
I/ActivityManager(  358): Start proc com.android.calendar for broadcast com.android.calendar/.alerts.AlertReceiver: pid=902 uid=10016 gids={50016, 3003}
I/ActivityManager(  358): Delay finish: com.android.calendar/.alerts.AlertReceiver
I/ActivityManager(  358): Waited long enough for: ServiceRecord{b2fdc430 u0 com.android.calendar/.alerts.InitAlarmsService}
I/ActivityManager(  358): Resuming delayed broadcast
I/ActivityManager(  358): Start proc com.android.deskclock for broadcast com.android.deskclock/.AlarmInitReceiver: pid=925 uid=10020 gids={50020, 1028}
I/ActivityManager(  358): Start proc com.android.email for broadcast com.android.email/.service.EmailBroadcastReceiver: pid=942 uid=10024 gids={50024, 3003, 1028, 1015}
D/ActivityThread(  942): Loading provider com.android.email.provider;com.android.email.notifier: com.android.email.provider.EmailProvider
D/ActivityThread(  942): Loading provider com.android.email.provider;com.android.email.notifier: com.android.email.provider.EmailProvider
I/ActivityManager(  358): Delay finish: com.android.email/.service.EmailBroadcastReceiver
W/ActivityManager(  358): Unable to start service Intent { cmp=com.android.email/.service.AttachmentDownloadService } U=0: not found
W/ActivityManager(  358): Unable to start service Intent { cmp=com.android.email/.service.AttachmentDownloadService } U=0: not found
I/ActivityManager(  358): Delaying start of: ServiceRecord{b2f11758 u0 com.android.exchange/.service.EmailSyncAdapterService}
I/ActivityManager(  358): Start proc com.android.exchange for service com.android.exchange/.service.EmailSyncAdapterService: pid=962 uid=10025 gids={50025, 3003, 1028, 1015}
W/ActivityManager(  358): Unable to start service Intent { cmp=com.android.email/.service.AttachmentDownloadService } U=0: not found
I/ActivityManager(  358): Resuming delayed broadcast
E/NetdConnector(  358): NDC Command {63 bandwidth gettetherstats} took too long (1284ms)
D/MobileDataStateTracker(  358): default: setPolicyDataEnable(enabled=true)
D/ConnectivityService(  358): Sampling interval elapsed, updating statistics ..
D/ConnectivityService(  358): Done.
D/ConnectivityService(  358): Setting timer for 720seconds
I/ActivityManager(  358): Delay finish: com.android.settings/.widget.SettingsAppWidgetProvider
I/ActivityManager(  358): Resuming delayed broadcast
I/ActivityManager(  358): Delay finish: com.android.calendar/.alerts.AlertReceiver
I/ActivityManager(  358): Resuming delayed broadcast
I/ActivityManager(  358): Delay finish: com.android.mms/.transaction.SmsReceiver
I/ActivityManager(  358): Resuming delayed broadcast
I/ActivityManager(  358): Delay finish: com.android.providers.calendar/.CalendarProviderBroadcastReceiver
I/ActivityManager(  358): Resuming delayed broadcast
I/ActivityManager(  358): Delay finish: com.android.providers.calendar/.CalendarProviderBroadcastReceiver
I/ActivityManager(  358): Resuming delayed broadcast
I/ActivityManager(  358): Start proc com.android.defcontainer for service com.android.defcontainer/.DefaultContainerService: pid=1015 uid=10003 gids={50003, 1028, 1015, 1023, 2001, 1035}
W/ActivityManager(  358): No content provider found for permission revoke: file:///data/local/tmp/access.apk
W/ActivityManager(  358): No content provider found for permission revoke: file:///data/local/tmp/access.apk
I/PackageManager(  358): Copying native libraries to /data/app-lib/vmdl-1435824118
W/PackageParser(  358): Unknown element under <application>: uses-permission at /data/app/vmdl-1435824118.tmp Binary XML file line #45
W/PackageManager(  358): Attempt to re-install com.example.autumnljohnson.myapplication without first uninstalling.
I/ActivityManager(  358): Force stopping com.example.autumnljohnson.myapplication appid=10052 user=-1: uninstall pkg
W/PackageManager(  358): Couldn't delete native library directory /data/app-lib/com.example.autumnljohnson.myapplication
I/ActivityManager(  358): Force stopping com.example.autumnljohnson.myapplication appid=10052 user=0: pkg removed
I/PackageManager(  358): Adding preferred activity ComponentInfo{com.android.mms/com.android.mms.ui.ComposeMessageActivity} for user 0 :
D/BackupManagerService(  358): Received broadcast Intent { act=android.intent.action.PACKAGE_REMOVED dat=package:com.example.autumnljohnson.myapplication flg=0x4000010 (has extras) }
V/BackupManagerService(  358): removePackageParticipantsLocked: uid=10052 #1
I/PackageManager(  358): Adding preferred activity ComponentInfo{com.android.mms/com.android.mms.ui.ComposeMessageActivity} for user 0 :
I/PackageManager(  358): Adding preferred activity ComponentInfo{com.android.mms/com.android.mms.ui.ComposeMessageActivity} for user 0 :
I/PackageManager(  358): Adding preferred activity ComponentInfo{com.android.mms/com.android.mms.ui.ComposeMessageActivity} for user 0 :
I/PackageManager(  358): Adding preferred activity ComponentInfo{com.android.mms/com.android.mms.ui.ComposeMessageActivity} for user 0 :
I/PackageManager(  358): Adding preferred activity ComponentInfo{com.android.mms/com.android.mms.ui.ComposeMessageActivity} for user 0 :
I/PackageManager(  358): Adding preferred activity ComponentInfo{com.android.mms/com.android.mms.ui.ComposeMessageActivity} for user 0 :
I/PackageManager(  358): Adding preferred activity ComponentInfo{com.android.mms/com.android.mms.ui.ComposeMessageActivity} for user 0 :
I/ActivityManager(  358): Delay finish: com.android.providers.contacts/.PackageIntentReceiver
I/ActivityManager(  358): Resuming delayed broadcast
D/MobileDataStateTracker(  358): default: setPolicyDataEnable(enabled=true)
I/ActivityManager(  358): Start proc com.android.keychain for broadcast com.android.keychain/.KeyChainBroadcastReceiver: pid=1048 uid=1000 gids={41000, 1028, 1015, 3002, 3001, 3003}
W/ContextImpl( 1048): Calling a method in the system process without a qualified user: android.app.ContextImpl.startService:1487 android.content.ContextWrapper.startService:494 android.content.ContextWrapper.startService:494 com.android.keychain.KeyChainBroadcastReceiver.onReceive:12 android.app.ActivityThread.handleReceiver:2407 
I/ActivityManager(  358): Delay finish: com.android.keychain/.KeyChainBroadcastReceiver
I/ActivityManager(  358): Resuming delayed broadcast
I/ActivityManager(  358): Start proc com.android.documentsui for broadcast com.android.documentsui/.PackageReceiver: pid=1065 uid=10023 gids={50023}
D/MobileDataStateTracker(  358): default: setPolicyDataEnable(enabled=true)
W/ActivityManager(  358): No content provider found for permission revoke: file:///data/local/tmp/access.apk
W/ActivityManager(  358): No content provider found for permission revoke: file:///data/local/tmp/access.apk
I/PackageManager(  358): Copying native libraries to /data/app-lib/vmdl-2139436700
W/PackageParser(  358): Unknown element under <application>: uses-permission at /data/app/vmdl-2139436700.tmp Binary XML file line #45
I/ActivityManager(  358): Force stopping com.example.autumnljohnson.myapplication appid=10053 user=-1: update pkg
W/PackageManager(  358): Not granting permission android.permission.READ_LOGS to package com.example.autumnljohnson.myapplication (protectionLevel=50 flags=0x48be46)
I/PackageManager(  358): Adding preferred activity ComponentInfo{com.android.mms/com.android.mms.ui.ComposeMessageActivity} for user 0 :
I/PackageManager(  358): Adding preferred activity ComponentInfo{com.android.mms/com.android.mms.ui.ComposeMessageActivity} for user 0 :
I/PackageManager(  358): Adding preferred activity ComponentInfo{com.android.mms/com.android.mms.ui.ComposeMessageActivity} for user 0 :
I/ActivityManager(  358): Start proc com.svox.pico for broadcast com.svox.pico/.VoiceDataInstallerReceiver: pid=1096 uid=10037 gids={50037, 1028, 1015}
D/BackupManagerService(  358): Received broadcast Intent { act=android.intent.action.PACKAGE_ADDED dat=package:com.example.autumnljohnson.myapplication flg=0x4000010 (has extras) }
I/PackageManager(  358): Adding preferred activity ComponentInfo{com.android.mms/com.android.mms.ui.ComposeMessageActivity} for user 0 :
V/BackupManagerService(  358): addPackageParticipantsLocked: #1
I/PackageManager(  358): Adding preferred activity ComponentInfo{com.android.mms/com.android.mms.ui.ComposeMessageActivity} for user 0 :
I/PackageManager(  358): Adding preferred activity ComponentInfo{com.android.mms/com.android.mms.ui.ComposeMessageActivity} for user 0 :
I/PackageManager(  358): Adding preferred activity ComponentInfo{com.android.mms/com.android.mms.ui.ComposeMessageActivity} for user 0 :
I/PackageManager(  358): Adding preferred activity ComponentInfo{com.android.mms/com.android.mms.ui.ComposeMessageActivity} for user 0 :
W/RecognitionManagerService(  358): no available voice recognition services found for user 0
I/ActivityManager(  358): Killing 546:com.android.printspooler/u0a39 (adj 15): empty #17
I/ActivityManager(  358): START u0 {act=android.intent.action.MAIN cat=[android.intent.category.LAUNCHER] flg=0x10200000 cmp=com.example.autumnljohnson.myapplication/.MainActivity} from pid 520
W/WindowManager(  358): Screenshot failure taking screenshot for (246x410) to layer 21005
I/ActivityManager(  358): Start proc com.example.autumnljohnson.myapplication for activity com.example.autumnljohnson.myapplication/.MainActivity: pid=1123 uid=10053 gids={50053, 1028, 1015}
I/ActivityManager(  358): START u0 {act=android.settings.ACCESSIBILITY_SETTINGS cmp=com.android.settings/.Settings$AccessibilitySettingsActivity} from pid 1123
I/ActivityManager(  358): START u0 {act=android.intent.action.MAIN cmp=com.android.settings/.SubSettings (has extras)} from pid 684
W/InputMethodManagerService(  358): Window already focused, ignoring focus gain of: com.android.internal.view.IInputMethodClient$Stub$Proxy@b2f01c48 attribute=null, token = android.os.BinderProxy@b3039d00
W/InputMethodManagerService(  358): Starting input on non-focused client com.android.internal.view.IInputMethodClient$Stub$Proxy@b30bb280 (uid=1000 pid=684)
I/ActivityManager(  358): START u0 {act=android.intent.action.MAIN cat=[android.intent.category.HOME] flg=0x10200000 cmp=com.android.launcher/com.android.launcher2.Launcher} from pid 358
W/WindowManager(  358): Screenshot failure taking screenshot for (246x410) to layer 21010
D/MobileDataStateTracker(  358): default: setPolicyDataEnable(enabled=true)
D/MobileDataStateTracker(  358): default: setPolicyDataEnable(enabled=true)
W/ActivityManager(  358): No content provider found for permission revoke: file:///data/local/tmp/app.apk
W/ActivityManager(  358): No content provider found for permission revoke: file:///data/local/tmp/app.apk
I/PackageManager(  358): Copying native libraries to /data/app-lib/vmdl701694861
I/ActivityManager(  358): Force stopping com.a1.quiz.ged.free appid=10054 user=-1: update pkg
I/PackageManager(  358): Adding preferred activity ComponentInfo{com.android.mms/com.android.mms.ui.ComposeMessageActivity} for user 0 :
D/BackupManagerService(  358): Received broadcast Intent { act=android.intent.action.PACKAGE_ADDED dat=package:com.a1.quiz.ged.free flg=0x4000010 (has extras) }
V/BackupManagerService(  358): addPackageParticipantsLocked: #1
I/PackageManager(  358): Adding preferred activity ComponentInfo{com.android.mms/com.android.mms.ui.ComposeMessageActivity} for user 0 :
I/PackageManager(  358): Adding preferred activity ComponentInfo{com.android.mms/com.android.mms.ui.ComposeMessageActivity} for user 0 :
I/PackageManager(  358): Adding preferred activity ComponentInfo{com.android.mms/com.android.mms.ui.ComposeMessageActivity} for user 0 :
I/PackageManager(  358): Adding preferred activity ComponentInfo{com.android.mms/com.android.mms.ui.ComposeMessageActivity} for user 0 :
I/PackageManager(  358): Adding preferred activity ComponentInfo{com.android.mms/com.android.mms.ui.ComposeMessageActivity} for user 0 :
I/PackageManager(  358): Adding preferred activity ComponentInfo{com.android.mms/com.android.mms.ui.ComposeMessageActivity} for user 0 :
I/PackageManager(  358): Adding preferred activity ComponentInfo{com.android.mms/com.android.mms.ui.ComposeMessageActivity} for user 0 :
W/RecognitionManagerService(  358): no available voice recognition services found for user 0
I/ActivityManager(  358): START u0 {act=android.intent.action.MAIN cat=[android.intent.category.LAUNCHER] flg=0x10200000 cmp=com.a1.quiz.ged.free/.MainActivity} from pid 520
W/WindowManager(  358): Screenshot failure taking screenshot for (246x410) to layer 21010
I/ActivityManager(  358): Start proc com.a1.quiz.ged.free for activity com.a1.quiz.ged.free/.MainActivity: pid=1205 uid=10054 gids={50054, 3003}
I/ActivityManager(  358): START u0 {cmp=com.a1.quiz.ged.free/.ChooseActivity} from pid 1205
I/ActivityManager(  358): START u0 {cmp=com.a1.quiz.ged.free/.QuizActivity} from pid 1205
I/ActivityManager(  358): START u0 {act=android.intent.action.MAIN cat=[android.intent.category.HOME] flg=0x10200000 cmp=com.android.launcher/com.android.launcher2.Launcher} from pid 358
W/WindowManager(  358): Screenshot failure taking screenshot for (246x410) to layer 21020
--------- beginning of /dev/log/main
E/AccessibilityNodeInfoCache( 1123): Node from: 12 not from:8 android.view.accessibility.AccessibilityNodeInfo@15d0a; boundsInParent: Rect(0, 0 - 157, 72); boundsInScreen: Rect(0, 38 - 157, 110); packageName: com.a1.quiz.ged.free; className: android.widget.LinearLayout; text: null; contentDescription: Home, Navigate up; viewIdResName: null; checkable: false; checked: false; focusable: true; focused: false; selected: false; clickable: true; longClickable: false; enabled: true; password: false; scrollable: false; [ACTION_FOCUS, ACTION_SELECT, ACTION_CLEAR_SELECTION, ACTION_CLICK, ACTION_ACCESSIBILITY_FOCUS, ACTION_NEXT_AT_MOVEMENT_GRANULARITY, ACTION_PREVIOUS_AT_MOVEMENT_GRANULARITY, ACTION_SET_SELECTION]
E/AccessibilityNodeInfoCache( 1123): Node from: 12 not from:8 android.view.accessibility.AccessibilityNodeInfo@160cb; boundsInParent: Rect(0, 0 - 324, 91); boundsInScreen: Rect(141, 551 - 465, 642); packageName: com.a1.quiz.ged.free; className: android.widget.TextView; text: first-year students only; contentDescription: null; viewIdResName: com.a1.quiz.ged.free:id/option_txt_b; checkable: false; checked: false; focusable: false; focused: false; selected: false; clickable: true; longClickable: false; enabled: true; password: false; scrollable: false; [ACTION_SELECT, ACTION_CLEAR_SELECTION, ACTION_CLICK, ACTION_ACCESSIBILITY_FOCUS, ACTION_NEXT_AT_MOVEMENT_GRANULARITY, ACTION_PREVIOUS_AT_MOVEMENT_GRANULARITY, ACTION_SET_SELECTION]
E/AccessibilityNodeInfoCache( 1123): Node from: 12 not from:8 android.view.accessibility.AccessibilityNodeInfo@16fcf; boundsInParent: Rect(0, 0 - 196, 80); boundsInScreen: Rect(142, 353 - 338, 433); packageName: com.a1.quiz.ged.free; className: android.widget.ImageView; text: null; contentDescription: GED Test Complete; viewIdResName: com.a1.quiz.ged.free:id/topic_img; checkable: false; checked: false; focusable: false; focused: false; selected: false; clickable: true; longClickable: false; enabled: true; password: false; scrollable: false; [ACTION_SELECT, ACTION_CLEAR_SELECTION, ACTION_CLICK, ACTION_ACCESSIBILITY_FOCUS, ACTION_NEXT_AT_MOVEMENT_GRANULARITY, ACTION_PREVIOUS_AT_MOVEMENT_GRANULARITY, ACTION_SET_SELECTION]
E/AccessibilityNodeInfoCache( 1123): Node from: 12 not from:8 android.view.accessibility.AccessibilityNodeInfo@17390; boundsInParent: Rect(0, 0 - 324, 91); boundsInScreen: Rect(141, 455 - 465, 546); packageName: com.a1.quiz.ged.free; className: android.widget.TextView; text: undergraduate and graduate students; contentDescription: null; viewIdResName: com.a1.quiz.ged.free:id/option_txt_a; checkable: false; checked: false; focusable: false; focused: false; selected: false; clickable: true; longClickable: false; enabled: true; password: false; scrollable: false; [ACTION_SELECT, ACTION_CLEAR_SELECTION, ACTION_CLICK, ACTION_ACCESSIBILITY_FOCUS, ACTION_NEXT_AT_MOVEMENT_GRANULARITY, ACTION_PREVIOUS_AT_MOVEMENT_GRANULARITY, ACTION_SET_SELECTION]
E/AccessibilityNodeInfoCache( 1123): Node from: 12 not from:8 android.view.accessibility.AccessibilityNodeInfo@17751; boundsInParent: Rect(0, 0 - 324, 91); boundsInScreen: Rect(141, 647 - 465, 738); packageName: com.a1.quiz.ged.free; className: android.widget.TextView; text: unemployed students only; contentDescription: null; viewIdResName: com.a1.quiz.ged.free:id/option_txt_c; checkable: false; checked: false; focusable: false; focused: false; selected: false; clickable: true; longClickable: false; enabled: true; password: false; scrollable: false; [ACTION_SELECT, ACTION_CLEAR_SELECTION, ACTION_CLICK, ACTION_ACCESSIBILITY_FOCUS, ACTION_NEXT_AT_MOVEMENT_GRANULARITY, ACTION_PREVIOUS_AT_MOVEMENT_GRANULARITY, ACTION_SET_SELECTION]
E/AccessibilityNodeInfoCache( 1123): Node from: 12 not from:8 android.view.accessibility.AccessibilityNodeInfo@17b12; boundsInParent: Rect(0, 0 - 324, 91); boundsInScreen: Rect(141, 743 - 465, 834); packageName: com.a1.quiz.ged.free; className: android.widget.TextView; text: undergraduate students only; contentDescription: null; viewIdResName: com.a1.quiz.ged.free:id/option_txt_d; checkable: false; checked: false; focusable: false; focused: false; selected: false; clickable: true; longClickable: false; enabled: true; password: false; scrollable: false; [ACTION_SELECT, ACTION_CLEAR_SELECTION, ACTION_CLICK, ACTION_ACCESSIBILITY_FOCUS, ACTION_NEXT_AT_MOVEMENT_GRANULARITY, ACTION_PREVIOUS_AT_MOVEMENT_GRANULARITY, ACTION_SET_SELECTION]
E/AccessibilityNodeInfoCache( 1123): Node from: 12 not from:8 android.view.accessibility.AccessibilityNodeInfo@17ed3; boundsInParent: Rect(0, 0 - 324, 91); boundsInScreen: Rect(141, 839 - 465, 930); packageName: com.a1.quiz.ged.free; className: android.widget.TextView; text: graduate students only; contentDescription: null; viewIdResName: com.a1.quiz.ged.free:id/option_txt_e; checkable: false; checked: false; focusable: false; focused: false; selected: false; clickable: true; longClickable: false; enabled: true; password: false; scrollable: false; [ACTION_SELECT, ACTION_CLEAR_SELECTION, ACTION_CLICK, ACTION_ACCESSIBILITY_FOCUS, ACTION_NEXT_AT_MOVEMENT_GRANULARITY, ACTION_PREVIOUS_AT_MOVEMENT_GRANULARITY, ACTION_SET_SELECTION]
E/AccessibilityNodeInfoCache( 1123): Node from: 12 not from:8 android.view.accessibility.AccessibilityNodeInfo@18655; boundsInParent: Rect(0, 0 - 95, 80); boundsInScreen: Rect(23, 749 - 118, 829); packageName: com.a1.quiz.ged.free; className: android.widget.ImageView; text: null; contentDescription: com.a1.quiz.ged.free.dto.Answer@b2fbc380; viewIdResName: com.a1.quiz.ged.free:id/option_img_d; checkable: false; checked: false; focusable: false; focused: false; selected: false; clickable: true; longClickable: false; enabled: true; password: false; scrollable: false; [ACTION_SELECT, ACTION_CLEAR_SELECTION, ACTION_CLICK, ACTION_ACCESSIBILITY_FOCUS, ACTION_NEXT_AT_MOVEMENT_GRANULARITY, ACTION_PREVIOUS_AT_MOVEMENT_GRANULARITY, ACTION_SET_SELECTION]
E/AccessibilityNodeInfoCache( 1123): Node from: 12 not from:8 android.view.accessibility.AccessibilityNodeInfo@18a16; boundsInParent: Rect(0, 0 - 95, 80); boundsInScreen: Rect(23, 845 - 118, 925); packageName: com.a1.quiz.ged.free; className: android.widget.ImageView; text: null; contentDescription: com.a1.quiz.ged.free.dto.Answer@b2fbc418; viewIdResName: com.a1.quiz.ged.free:id/option_img_e; checkable: false; checked: false; focusable: false; focused: false; selected: false; clickable: true; longClickable: false; enabled: true; password: false; scrollable: false; [ACTION_SELECT, ACTION_CLEAR_SELECTION, ACTION_CLICK, ACTION_ACCESSIBILITY_FOCUS, ACTION_NEXT_AT_MOVEMENT_GRANULARITY, ACTION_PREVIOUS_AT_MOVEMENT_GRANULARITY, ACTION_SET_SELECTION]
E/AccessibilityNodeInfoCache( 1123): Node from: 12 not from:8 android.view.accessibility.AccessibilityNodeInfo@18dd7; boundsInParent: Rect(0, 0 - 95, 80); boundsInScreen: Rect(23, 461 - 118, 541); packageName: com.a1.quiz.ged.free; className: android.widget.ImageView; text: null; contentDescription: com.a1.quiz.ged.free.dto.Answer@b2fbc4a0; viewIdResName: com.a1.quiz.ged.free:id/option_img_a; checkable: false; checked: false; focusable: false; focused: false; selected: false; clickable: true; longClickable: false; enabled: true; password: false; scrollable: false; [ACTION_SELECT, ACTION_CLEAR_SELECTION, ACTION_CLICK, ACTION_ACCESSIBILITY_FOCUS, ACTION_NEXT_AT_MOVEMENT_GRANULARITY, ACTION_PREVIOUS_AT_MOVEMENT_GRANULARITY, ACTION_SET_SELECTION]
E/AccessibilityNodeInfoCache( 1123): Node from: 12 not from:8 android.view.accessibility.AccessibilityNodeInfo@19198; boundsInParent: Rect(0, 0 - 95, 80); boundsInScreen: Rect(23, 557 - 118, 637); packageName: com.a1.quiz.ged.free; className: android.widget.ImageView; text: null; contentDescription: com.a1.quiz.ged.free.dto.Answer@b2fbc2a8; viewIdResName: com.a1.quiz.ged.free:id/option_img_b; checkable: false; checked: false; focusable: false; focused: false; selected: false; clickable: true; longClickable: false; enabled: true; password: false; scrollable: false; [ACTION_SELECT, ACTION_CLEAR_SELECTION, ACTION_CLICK, ACTION_ACCESSIBILITY_FOCUS, ACTION_NEXT_AT_MOVEMENT_GRANULARITY, ACTION_PREVIOUS_AT_MOVEMENT_GRANULARITY, ACTION_SET_SELECTION]
E/AccessibilityNodeInfoCache( 1123): Node from: 12 not from:8 android.view.accessibility.AccessibilityNodeInfo@19559; boundsInParent: Rect(0, 0 - 95, 80); boundsInScreen: Rect(23, 653 - 118, 733); packageName: com.a1.quiz.ged.free; className: android.widget.ImageView; text: null; contentDescription: com.a1.quiz.ged.free.dto.Answer@b2fbc548; viewIdResName: com.a1.quiz.ged.free:id/option_img_c; checkable: false; checked: false; focusable: false; focused: false; selected: false; clickable: true; longClickable: false; enabled: true; password: false; scrollable: false; [ACTION_SELECT, ACTION_CLEAR_SELECTION, ACTION_CLICK, ACTION_ACCESSIBILITY_FOCUS, ACTION_NEXT_AT_MOVEMENT_GRANULARITY, ACTION_PREVIOUS_AT_MOVEMENT_GRANULARITY, ACTION_SET_SELECTION]
E/AccessibilityNodeInfoCache( 1123): Node from: 12 not from:8 android.view.accessibility.AccessibilityNodeInfo@1a81e; boundsInParent: Rect(0, 0 - 480, 72); boundsInScreen: Rect(0, 38 - 480, 110); packageName: com.a1.quiz.ged.free; className: android.view.View; text: null; contentDescription: null; viewIdResName: android:id/action_bar; checkable: false; checked: false; focusable: false; focused: false; selected: false; clickable: false; longClickable: false; enabled: true; password: false; scrollable: false; [ACTION_SELECT, ACTION_CLEAR_SELECTION, ACTION_ACCESSIBILITY_FOCUS]
E/AccessibilityNodeInfoCache( 1123): Node from: 12 not from:8 android.view.accessibility.AccessibilityNodeInfo@1abdf; boundsInParent: Rect(0, 0 - 480, 618); boundsInScreen: Rect(0, 110 - 480, 728); packageName: com.a1.quiz.ged.free; className: android.widget.ScrollView; text: null; contentDescription: null; viewIdResName: null; checkable: false; checked: false; focusable: true; focused: false; selected: false; clickable: false; longClickable: false; enabled: true; password: false; scrollable: true; [ACTION_FOCUS, ACTION_SELECT, ACTION_CLEAR_SELECTION, ACTION_ACCESSIBILITY_FOCUS, ACTION_SCROLL_FORWARD]
E/AccessibilityNodeInfoCache( 1123): Node from: 12 not from:8 android.view.accessibility.AccessibilityNodeInfo@1afa0; boundsInParent: Rect(0, 0 - 480, 510); boundsInScreen: Rect(0, 438 - 480, 948); packageName: com.a1.quiz.ged.free; className: android.widget.LinearLayout; text: null; contentDescription: null; viewIdResName: com.a1.quiz.ged.free:id/options; checkable: false; checked: false; focusable: false; focused: false; selected: false; clickable: true; longClickable: false; enabled: true; password: false; scrollable: false; [ACTION_SELECT, ACTION_CLEAR_SELECTION, ACTION_CLICK, ACTION_ACCESSIBILITY_FOCUS]
D/AccessibilityService( 1123): on accessibility event
W/ResourceType(  520): No known package when getting name for resource number 0x9b000000
W/ResourceType(  520): No known package when getting name for resource number 0x9b010100
W/ResourceType(  520): No known package when getting name for resource number 0x9b030300
W/ResourceType(  520): No known package when getting name for resource number 0x9b040400
W/ResourceType(  520): No known package when getting name for resource number 0x9c020100
W/ResourceType(  520): No known package when getting name for resource number 0x9c030203
W/ResourceType(  520): No known package when getting name for resource number 0x9c010003
I/AccessibilityService( 1123): --------------
I/AccessibilityService( 1123): Name -> com.a1.quiz.ged.free, screen 12
W/ResourceType(  520): No known package when getting name for resource number 0x9b000000
W/ResourceType(  520): No known package when getting name for resource number 0x9b010100
W/ResourceType(  520): No known package when getting name for resource number 0x9b030300
W/ResourceType(  520): No known package when getting name for resource number 0x9b040400
W/ResourceType(  520): No known package when getting name for resource number 0x9c020100
W/ResourceType(  520): No known package when getting name for resource number 0x9c030203
W/ResourceType(  520): No known package when getting name for resource number 0x9c010003
I/AccessibilityService( 1123): TREE_RESULT -> Current Node = android.view.accessibility.AccessibilityNodeInfo@8e8f; boundsInParent: Rect(0, 0 - 480, 609); boundsInScreen: Rect(-959, 60 - -479, 669); packageName: com.android.launcher; className: android.view.View; text: null; contentDescription: Home screen 1; viewIdResName: com.android.launcher:id/cell1; checkable: false; checked: false; focusable: false; focused: false; selected: false; clickable: true; longClickable: true; enabled: true; password: false; scrollable: false; [ACTION_SELECT, ACTION_CLEAR_SELECTION, ACTION_CLICK, ACTION_LONG_CLICK, ACTION_ACCESSIBILITY_FOCUS, ACTION_NEXT_AT_MOVEMENT_GRANULARITY, ACTION_PREVIOUS_AT_MOVEMENT_GRANULARITY, ACTION_SET_SELECTION]
I/AccessibilityService( 1123): Node Center Coordinate -> x = -719, y = 364
I/AccessibilityService( 1123): TREE_RESULT -> Current Node = android.view.accessibility.AccessibilityNodeInfo@c31d; boundsInParent: Rect(0, 0 - 89, 123); boundsInScreen: Rect(-467, 531 - -378, 654); packageName: com.android.settings; className: android.widget.LinearLayout; text: null; contentDescription: WiFi off; viewIdResName: com.android.settings:id/btn_wifi; checkable: false; checked: false; focusable: true; focused: false; selected: false; clickable: true; longClickable: false; enabled: true; password: false; scrollable: false; [ACTION_FOCUS, ACTION_SELECT, ACTION_CLEAR_SELECTION, ACTION_CLICK, ACTION_ACCESSIBILITY_FOCUS, ACTION_NEXT_AT_MOVEMENT_GRANULARITY, ACTION_PREVIOUS_AT_MOVEMENT_GRANULARITY, ACTION_SET_SELECTION]
I/AccessibilityService( 1123): Node Center Coordinate -> x = -423, y = 592
I/AccessibilityService( 1123): TREE_RESULT -> Current Node = android.view.accessibility.AccessibilityNodeInfo@c6de; boundsInParent: Rect(0, 0 - 89, 123); boundsInScreen: Rect(-376, 531 - -287, 654); packageName: com.android.settings; className: android.widget.LinearLayout; text: null; contentDescription: Bluetooth turning off; viewIdResName: com.android.settings:id/btn_bluetooth; checkable: false; checked: false; focusable: true; focused: false; selected: false; clickable: true; longClickable: false; enabled: true; password: false; scrollable: false; [ACTION_FOCUS, ACTION_SELECT, ACTION_CLEAR_SELECTION, ACTION_CLICK, ACTION_ACCESSIBILITY_FOCUS, ACTION_NEXT_AT_MOVEMENT_GRANULARITY, ACTION_PREVIOUS_AT_MOVEMENT_GRANULARITY, ACTION_SET_SELECTION]
I/AccessibilityService( 1123): Node Center Coordinate -> x = -332, y = 592
I/AccessibilityService( 1123): TREE_RESULT -> Current Node = android.view.accessibility.AccessibilityNodeInfo@ca9f; boundsInParent: Rect(0, 0 - 90, 123); boundsInScreen: Rect(-285, 531 - -195, 654); packageName: com.android.settings; className: android.widget.LinearLayout; text: null; contentDescription: Location on; viewIdResName: com.android.settings:id/btn_location; checkable: false; checked: false; focusable: true; focused: false; selected: false; clickable: true; longClickable: false; enabled: true; password: false; scrollable: false; [ACTION_FOCUS, ACTION_SELECT, ACTION_CLEAR_SELECTION, ACTION_CLICK, ACTION_ACCESSIBILITY_FOCUS, ACTION_NEXT_AT_MOVEMENT_GRANULARITY, ACTION_PREVIOUS_AT_MOVEMENT_GRANULARITY, ACTION_SET_SELECTION]
I/AccessibilityService( 1123): Node Center Coordinate -> x = -240, y = 592
I/AccessibilityService( 1123): TREE_RESULT -> Current Node = android.view.accessibility.AccessibilityNodeInfo@ce60; boundsInParent: Rect(0, 0 - 90, 123); boundsInScreen: Rect(-193, 531 - -103, 654); packageName: com.android.settings; className: android.widget.LinearLayout; text: null; contentDescription: Sync on; viewIdResName: com.android.settings:id/btn_sync; checkable: false; checked: false; focusable: true; focused: false; selected: false; clickable: true; longClickable: false; enabled: true; password: false; scrollable: false; [ACTION_FOCUS, ACTION_SELECT, ACTION_CLEAR_SELECTION, ACTION_CLICK, ACTION_ACCESSIBILITY_FOCUS, ACTION_NEXT_AT_MOVEMENT_GRANULARITY, ACTION_PREVIOUS_AT_MOVEMENT_GRANULARITY, ACTION_SET_SELECTION]
I/AccessibilityService( 1123): Node Center Coordinate -> x = -148, y = 592
I/AccessibilityService( 1123): TREE_RESULT -> Current Node = android.view.accessibility.AccessibilityNodeInfo@d221; boundsInParent: Rect(0, 0 - 90, 123); boundsInScreen: Rect(-101, 531 - -11, 654); packageName: com.android.settings; className: android.widget.LinearLayout; text: null; contentDescription: Brightness half; viewIdResName: com.android.settings:id/btn_brightness; checkable: false; checked: false; focusable: true; focused: false; selected: false; clickable: true; longClickable: false; enabled: true; password: false; scrollable: false; [ACTION_FOCUS, ACTION_SELECT, ACTION_CLEAR_SELECTION, ACTION_CLICK, ACTION_ACCESSIBILITY_FOCUS, ACTION_NEXT_AT_MOVEMENT_GRANULARITY, ACTION_PREVIOUS_AT_MOVEMENT_GRANULARITY, ACTION_SET_SELECTION]
I/AccessibilityService( 1123): Node Center Coordinate -> x = -56, y = 592
I/AccessibilityService( 1123): TREE_RESULT -> Current Node = android.view.accessibility.AccessibilityNodeInfo@bf5c; boundsInParent: Rect(0, 0 - 216, 276); boundsInScreen: Rect(132, 81 - 348, 357); packageName: com.android.deskclock; className: android.view.View; text: null; contentDescription: 18:06; viewIdResName: com.android.deskclock:id/analog_appwidget; checkable: false; checked: false; focusable: false; focused: false; selected: false; clickable: true; longClickable: false; enabled: true; password: false; scrollable: false; [ACTION_SELECT, ACTION_CLEAR_SELECTION, ACTION_CLICK, ACTION_ACCESSIBILITY_FOCUS, ACTION_NEXT_AT_MOVEMENT_GRANULARITY, ACTION_PREVIOUS_AT_MOVEMENT_GRANULARITY, ACTION_SET_SELECTION]
I/AccessibilityService( 1123): Node Center Coordinate -> x = 240, y = 219
I/AccessibilityService( 1123): TREE_RESULT -> Current Node = android.view.accessibility.AccessibilityNodeInfo@bb9b; boundsInParent: Rect(524234, 0 - 524354, 150); boundsInScreen: Rect(720, 519 - 840, 669); packageName: com.android.launcher; className: android.widget.TextView; text: Settings; contentDescription: null; viewIdResName: null; checkable: false; checked: false; focusable: true; focused: false; selected: false; clickable: true; longClickable: true; enabled: true; password: false; scrollable: false; [ACTION_FOCUS, ACTION_SELECT, ACTION_CLEAR_SELECTION, ACTION_CLICK, ACTION_LONG_CLICK, ACTION_ACCESSIBILITY_FOCUS, ACTION_NEXT_AT_MOVEMENT_GRANULARITY, ACTION_PREVIOUS_AT_MOVEMENT_GRANULARITY, ACTION_SET_SELECTION]
I/AccessibilityService( 1123): Node Center Coordinate -> x = 780, y = 594
I/AccessibilityService( 1123): TREE_RESULT -> Current Node = android.view.accessibility.AccessibilityNodeInfo@9d93; boundsInParent: Rect(0, 0 - 480, 609); boundsInScreen: Rect(960, 60 - 1440, 669); packageName: com.android.launcher; className: android.view.View; text: null; contentDescription: Home screen 5; viewIdResName: com.android.launcher:id/cell5; checkable: false; checked: false; focusable: false; focused: false; selected: false; clickable: true; longClickable: true; enabled: true; password: false; scrollable: false; [ACTION_SELECT, ACTION_CLEAR_SELECTION, ACTION_CLICK, ACTION_LONG_CLICK, ACTION_ACCESSIBILITY_FOCUS, ACTION_NEXT_AT_MOVEMENT_GRANULARITY, ACTION_PREVIOUS_AT_MOVEMENT_GRANULARITY, ACTION_SET_SELECTION]
I/AccessibilityService( 1123): Node Center Coordinate -> x = 1200, y = 364
I/AccessibilityService( 1123): TREE_RESULT -> Current Node = android.view.accessibility.AccessibilityNodeInfo@7f8b; boundsInParent: Rect(0, 0 - 224, 65); boundsInScreen: Rect(10, -26 - 234, 38); packageName: com.android.launcher; className: android.widget.TextView; text: Remove; contentDescription: null; viewIdResName: com.android.launcher:id/delete_target_text; checkable: false; checked: false; focusable: false; focused: false; selected: false; clickable: false; longClickable: false; enabled: true; password: false; scrollable: false; [ACTION_SELECT, ACTION_CLEAR_SELECTION, ACTION_ACCESSIBILITY_FOCUS, ACTION_NEXT_AT_MOVEMENT_GRANULARITY, ACTION_PREVIOUS_AT_MOVEMENT_GRANULARITY, ACTION_SET_SELECTION]
I/AccessibilityService( 1123): Node Center Coordinate -> x = 122, y = 6
I/AccessibilityService( 1123): TREE_RESULT -> Current Node = android.view.accessibility.AccessibilityNodeInfo@834c; boundsInParent: Rect(0, 0 - 227, 65); boundsInScreen: Rect(244, -26 - 471, 38); packageName: com.android.launcher; className: android.widget.TextView; text: App info; contentDescription: null; viewIdResName: com.android.launcher:id/info_target_text; checkable: false; checked: false; focusable: false; focused: false; selected: false; clickable: false; longClickable: false; enabled: true; password: false; scrollable: false; [ACTION_SELECT, ACTION_CLEAR_SELECTION, ACTION_ACCESSIBILITY_FOCUS, ACTION_NEXT_AT_MOVEMENT_GRANULARITY, ACTION_PREVIOUS_AT_MOVEMENT_GRANULARITY, ACTION_SET_SELECTION]
I/AccessibilityService( 1123): Node Center Coordinate -> x = 357, y = 6
I/AccessibilityService( 1123): TREE_RESULT -> Current Node = android.view.accessibility.AccessibilityNodeInfo@870d; boundsInParent: Rect(0, 0 - 458, 48); boundsInScreen: Rect(11, 49 - 469, 97); packageName: com.android.launcher; className: android.widget.LinearLayout; text: null; contentDescription: Search; viewIdResName: com.android.launcher:id/search_button_container; checkable: false; checked: false; focusable: true; focused: false; selected: false; clickable: true; longClickable: false; enabled: true; password: false; scrollable: false; [ACTION_FOCUS, ACTION_SELECT, ACTION_CLEAR_SELECTION, ACTION_CLICK, ACTION_ACCESSIBILITY_FOCUS, ACTION_NEXT_AT_MOVEMENT_GRANULARITY, ACTION_PREVIOUS_AT_MOVEMENT_GRANULARITY, ACTION_SET_SELECTION]
I/AccessibilityService( 1123): Node Center Coordinate -> x = 240, y = 73
I/AccessibilityService( 1123): TREE_RESULT -> Current Node = android.view.accessibility.AccessibilityNodeInfo@a154; boundsInParent: Rect(524246, 0 - 524342, 96); boundsInScreen: Rect(0, 634 - 96, 730); packageName: com.android.launcher; className: android.widget.TextView; text: Phone; contentDescription: null; viewIdResName: null; checkable: false; checked: false; focusable: true; focused: false; selected: false; clickable: true; longClickable: true; enabled: true; password: false; scrollable: false; [ACTION_FOCUS, ACTION_SELECT, ACTION_CLEAR_SELECTION, ACTION_CLICK, ACTION_LONG_CLICK, ACTION_ACCESSIBILITY_FOCUS, ACTION_NEXT_AT_MOVEMENT_GRANULARITY, ACTION_PREVIOUS_AT_MOVEMENT_GRANULARITY, ACTION_SET_SELECTION]
I/AccessibilityService( 1123): Node Center Coordinate -> x = 48, y = 682
I/AccessibilityService( 1123): TREE_RESULT -> Current Node = android.view.accessibility.AccessibilityNodeInfo@a515; boundsInParent: Rect(524246, 0 - 524342, 96); boundsInScreen: Rect(96, 634 - 192, 730); packageName: com.android.launcher; className: android.widget.TextView; text: People; contentDescription: null; viewIdResName: null; checkable: false; checked: false; focusable: true; focused: false; selected: false; clickable: true; longClickable: true; enabled: true; password: false; scrollable: false; [ACTION_FOCUS, ACTION_SELECT, ACTION_CLEAR_SELECTION, ACTION_CLICK, ACTION_LONG_CLICK, ACTION_ACCESSIBILITY_FOCUS, ACTION_NEXT_AT_MOVEMENT_GRANULARITY, ACTION_PREVIOUS_AT_MOVEMENT_GRANULARITY, ACTION_SET_SELECTION]
I/AccessibilityService( 1123): Node Center Coordinate -> x = 144, y = 682
I/AccessibilityService( 1123): TREE_RESULT -> Current Node = android.view.accessibility.AccessibilityNodeInfo@a8d6; boundsInParent: Rect(524246, 0 - 524342, 96); boundsInScreen: Rect(192, 634 - 288, 730); packageName: com.android.launcher; className: android.widget.TextView; text: null; contentDescription: Apps; viewIdResName: null; checkable: false; checked: false; focusable: true; focused: false; selected: false; clickable: true; longClickable: false; enabled: true; password: false; scrollable: false; [ACTION_FOCUS, ACTION_SELECT, ACTION_CLEAR_SELECTION, ACTION_CLICK, ACTION_ACCESSIBILITY_FOCUS]
I/AccessibilityService( 1123): Node Center Coordinate -> x = 240, y = 682
I/AccessibilityService( 1123): TREE_RESULT -> Current Node = android.view.accessibility.AccessibilityNodeInfo@ac97; boundsInParent: Rect(524246, 0 - 524342, 96); boundsInScreen: Rect(288, 634 - 384, 730); packageName: com.android.launcher; className: android.widget.TextView; text: Messaging; contentDescription: null; viewIdResName: null; checkable: false; checked: false; focusable: true; focused: false; selected: false; clickable: true; longClickable: true; enabled: true; password: false; scrollable: false; [ACTION_FOCUS, ACTION_SELECT, ACTION_CLEAR_SELECTION, ACTION_CLICK, ACTION_LONG_CLICK, ACTION_ACCESSIBILITY_FOCUS, ACTION_NEXT_AT_MOVEMENT_GRANULARITY, ACTION_PREVIOUS_AT_MOVEMENT_GRANULARITY, ACTION_SET_SELECTION]
I/AccessibilityService( 1123): Node Center Coordinate -> x = 336, y = 682
I/AccessibilityService( 1123): TREE_RESULT -> Current Node = android.view.accessibility.AccessibilityNodeInfo@b058; boundsInParent: Rect(524246, 0 - 524342, 96); boundsInScreen: Rect(384, 634 - 480, 730); packageName: com.android.launcher; className: android.widget.TextView; text: Browser; contentDescription: null; viewIdResName: null; checkable: false; checked: false; focusable: true; focused: false; selected: false; clickable: true; longClickable: true; enabled: true; password: false; scrollable: false; [ACTION_FOCUS, ACTION_SELECT, ACTION_CLEAR_SELECTION, ACTION_CLICK, ACTION_LONG_CLICK, ACTION_ACCESSIBILITY_FOCUS, ACTION_NEXT_AT_MOVEMENT_GRANULARITY, ACTION_PREVIOUS_AT_MOVEMENT_GRANULARITY, ACTION_SET_SELECTION]
I/AccessibilityService( 1123): Node Center Coordinate -> x = 432, y = 682
I/AccessibilityService( 1123): CHECKER_RESULT -> [{"packageName":"com.a1.quiz.ged.free","checks":[{"numNodesChecked":20,"checkType":"TOUCH_TARGET_SIZE","messages":[{"count":1,"message":"View is too small of a touch target. Minimum touch target size is 48x48dp."}],"totalErrors":1}]}]
D/dalvikvm( 1123): GC_CONCURRENT freed 517K, 19% free 3071K/3768K, paused 20ms+13ms, total 137ms
D/dalvikvm( 1123): WAIT_FOR_CONCURRENT_GC blocked 58ms
I/AccessibilityService( 1123): CHECKER_RESULT -> [{"packageName":"com.a1.quiz.ged.free","checks":[{"numNodesChecked":8,"checkType":"CLICKABLE_SPAN","messages":[],"totalErrors":0}]}]
I/AccessibilityService( 1123): CHECKER_RESULT -> [{"packageName":"com.a1.quiz.ged.free","checks":[{"numNodesChecked":9,"checkType":"SPEAKABLE_TEXT_PRESENT","messages":[],"totalErrors":0}]}]
