I/AccessibilityService( 1123): TREE_RESULT -> Current Node = android.view.accessibility.AccessibilityNodeInfo@c31d; boundsInParent: Rect(0, 0 - 89, 123); boundsInScreen: Rect(-467, 531 - -378, 654); packageName: com.android.settings; className: android.widget.LinearLayout; text: null; contentDescription: WiFi off; viewIdResName: com.android.settings:id/btn_wifi; checkable: false; checked: false; focusable: true; focused: false; selected: false; clickable: true; longClickable: false; enabled: true; password: false; scrollable: false; [ACTION_FOCUS, ACTION_SELECT, ACTION_CLEAR_SELECTION, ACTION_CLICK, ACTION_ACCESSIBILITY_FOCUS, ACTION_NEXT_AT_MOVEMENT_GRANULARITY, ACTION_PREVIOUS_AT_MOVEMENT_GRANULARITY, ACTION_SET_SELECTION]
I/AccessibilityService( 1123): Node Center Coordinate -> x = -423, y = 592
I/AccessibilityService( 1123): TREE_RESULT -> Current Node = android.view.accessibility.AccessibilityNodeInfo@c6de; boundsInParent: Rect(0, 0 - 89, 123); boundsInScreen: Rect(-376, 531 - -287, 654); packageName: com.android.settings; className: android.widget.LinearLayout; text: null; contentDescription: Bluetooth turning off; viewIdResName: com.android.settings:id/btn_bluetooth; checkable: false; checked: false; focusable: true; focused: false; selected: false; clickable: true; longClickable: false; enabled: true; password: false; scrollable: false; [ACTION_FOCUS, ACTION_SELECT, ACTION_CLEAR_SELECTION, ACTION_CLICK, ACTION_ACCESSIBILITY_FOCUS, ACTION_NEXT_AT_MOVEMENT_GRANULARITY, ACTION_PREVIOUS_AT_MOVEMENT_GRANULARITY, ACTION_SET_SELECTION]
I/AccessibilityService( 1123): Node Center Coordinate -> x = -332, y = 592
I/AccessibilityService( 1123): TREE_RESULT -> Current Node = android.view.accessibility.AccessibilityNodeInfo@ca9f; boundsInParent: Rect(0, 0 - 90, 123); boundsInScreen: Rect(-285, 531 - -195, 654); packageName: com.android.settings; className: android.widget.LinearLayout; text: null; contentDescription: Location on; viewIdResName: com.android.settings:id/btn_location; checkable: false; checked: false; focusable: true; focused: false; selected: false; clickable: true; longClickable: false; enabled: true; password: false; scrollable: false; [ACTION_FOCUS, ACTION_SELECT, ACTION_CLEAR_SELECTION, ACTION_CLICK, ACTION_ACCESSIBILITY_FOCUS, ACTION_NEXT_AT_MOVEMENT_GRANULARITY, ACTION_PREVIOUS_AT_MOVEMENT_GRANULARITY, ACTION_SET_SELECTION]
I/AccessibilityService( 1123): Node Center Coordinate -> x = -240, y = 592
I/AccessibilityService( 1123): TREE_RESULT -> Current Node = android.view.accessibility.AccessibilityNodeInfo@ce60; boundsInParent: Rect(0, 0 - 90, 123); boundsInScreen: Rect(-193, 531 - -103, 654); packageName: com.android.settings; className: android.widget.LinearLayout; text: null; contentDescription: Sync on; viewIdResName: com.android.settings:id/btn_sync; checkable: false; checked: false; focusable: true; focused: false; selected: false; clickable: true; longClickable: false; enabled: true; password: false; scrollable: false; [ACTION_FOCUS, ACTION_SELECT, ACTION_CLEAR_SELECTION, ACTION_CLICK, ACTION_ACCESSIBILITY_FOCUS, ACTION_NEXT_AT_MOVEMENT_GRANULARITY, ACTION_PREVIOUS_AT_MOVEMENT_GRANULARITY, ACTION_SET_SELECTION]
I/AccessibilityService( 1123): Node Center Coordinate -> x = -148, y = 592
I/AccessibilityService( 1123): TREE_RESULT -> Current Node = android.view.accessibility.AccessibilityNodeInfo@d221; boundsInParent: Rect(0, 0 - 90, 123); boundsInScreen: Rect(-101, 531 - -11, 654); packageName: com.android.settings; className: android.widget.LinearLayout; text: null; contentDescription: Brightness half; viewIdResName: com.android.settings:id/btn_brightness; checkable: false; checked: false; focusable: true; focused: false; selected: false; clickable: true; longClickable: false; enabled: true; password: false; scrollable: false; [ACTION_FOCUS, ACTION_SELECT, ACTION_CLEAR_SELECTION, ACTION_CLICK, ACTION_ACCESSIBILITY_FOCUS, ACTION_NEXT_AT_MOVEMENT_GRANULARITY, ACTION_PREVIOUS_AT_MOVEMENT_GRANULARITY, ACTION_SET_SELECTION]
I/AccessibilityService( 1123): Node Center Coordinate -> x = -56, y = 592
I/AccessibilityService( 1123): TREE_RESULT -> Current Node = android.view.accessibility.AccessibilityNodeInfo@bf5c; boundsInParent: Rect(0, 0 - 216, 276); boundsInScreen: Rect(132, 81 - 348, 357); packageName: com.android.deskclock; className: android.view.View; text: null; contentDescription: 18:06; viewIdResName: com.android.deskclock:id/analog_appwidget; checkable: false; checked: false; focusable: false; focused: false; selected: false; clickable: true; longClickable: false; enabled: true; password: false; scrollable: false; [ACTION_SELECT, ACTION_CLEAR_SELECTION, ACTION_CLICK, ACTION_ACCESSIBILITY_FOCUS, ACTION_NEXT_AT_MOVEMENT_GRANULARITY, ACTION_PREVIOUS_AT_MOVEMENT_GRANULARITY, ACTION_SET_SELECTION]
I/AccessibilityService( 1123): Node Center Coordinate -> x = 240, y = 219
I/AccessibilityService( 1123): TREE_RESULT -> Current Node = android.view.accessibility.AccessibilityNodeInfo@bb9b; boundsInParent: Rect(524234, 0 - 524354, 150); boundsInScreen: Rect(720, 519 - 840, 669); packageName: com.android.launcher; className: android.widget.TextView; text: Settings; contentDescription: null; viewIdResName: null; checkable: false; checked: false; focusable: true; focused: false; selected: false; clickable: true; longClickable: true; enabled: true; password: false; scrollable: false; [ACTION_FOCUS, ACTION_SELECT, ACTION_CLEAR_SELECTION, ACTION_CLICK, ACTION_LONG_CLICK, ACTION_ACCESSIBILITY_FOCUS, ACTION_NEXT_AT_MOVEMENT_GRANULARITY, ACTION_PREVIOUS_AT_MOVEMENT_GRANULARITY, ACTION_SET_SELECTION]
I/AccessibilityService( 1123): Node Center Coordinate -> x = 780, y = 594
I/AccessibilityService( 1123): TREE_RESULT -> Current Node = android.view.accessibility.AccessibilityNodeInfo@9d93; boundsInParent: Rect(0, 0 - 480, 609); boundsInScreen: Rect(960, 60 - 1440, 669); packageName: com.android.launcher; className: android.view.View; text: null; contentDescription: Home screen 5; viewIdResName: com.android.launcher:id/cell5; checkable: false; checked: false; focusable: false; focused: false; selected: false; clickable: true; longClickable: true; enabled: true; password: false; scrollable: false; [ACTION_SELECT, ACTION_CLEAR_SELECTION, ACTION_CLICK, ACTION_LONG_CLICK, ACTION_ACCESSIBILITY_FOCUS, ACTION_NEXT_AT_MOVEMENT_GRANULARITY, ACTION_PREVIOUS_AT_MOVEMENT_GRANULARITY, ACTION_SET_SELECTION]
I/AccessibilityService( 1123): Node Center Coordinate -> x = 1200, y = 364
I/AccessibilityService( 1123): TREE_RESULT -> Current Node = android.view.accessibility.AccessibilityNodeInfo@7f8b; boundsInParent: Rect(0, 0 - 224, 65); boundsInScreen: Rect(10, -26 - 234, 38); packageName: com.android.launcher; className: android.widget.TextView; text: Remove; contentDescription: null; viewIdResName: com.android.launcher:id/delete_target_text; checkable: false; checked: false; focusable: false; focused: false; selected: false; clickable: false; longClickable: false; enabled: true; password: false; scrollable: false; [ACTION_SELECT, ACTION_CLEAR_SELECTION, ACTION_ACCESSIBILITY_FOCUS, ACTION_NEXT_AT_MOVEMENT_GRANULARITY, ACTION_PREVIOUS_AT_MOVEMENT_GRANULARITY, ACTION_SET_SELECTION]
I/AccessibilityService( 1123): Node Center Coordinate -> x = 122, y = 6
I/AccessibilityService( 1123): TREE_RESULT -> Current Node = android.view.accessibility.AccessibilityNodeInfo@834c; boundsInParent: Rect(0, 0 - 227, 65); boundsInScreen: Rect(244, -26 - 471, 38); packageName: com.android.launcher; className: android.widget.TextView; text: App info; contentDescription: null; viewIdResName: com.android.launcher:id/info_target_text; checkable: false; checked: false; focusable: false; focused: false; selected: false; clickable: false; longClickable: false; enabled: true; password: false; scrollable: false; [ACTION_SELECT, ACTION_CLEAR_SELECTION, ACTION_ACCESSIBILITY_FOCUS, ACTION_NEXT_AT_MOVEMENT_GRANULARITY, ACTION_PREVIOUS_AT_MOVEMENT_GRANULARITY, ACTION_SET_SELECTION]
I/AccessibilityService( 1123): Node Center Coordinate -> x = 357, y = 6
I/AccessibilityService( 1123): TREE_RESULT -> Current Node = android.view.accessibility.AccessibilityNodeInfo@870d; boundsInParent: Rect(0, 0 - 458, 48); boundsInScreen: Rect(11, 49 - 469, 97); packageName: com.android.launcher; className: android.widget.LinearLayout; text: null; contentDescription: Search; viewIdResName: com.android.launcher:id/search_button_container; checkable: false; checked: false; focusable: true; focused: false; selected: false; clickable: true; longClickable: false; enabled: true; password: false; scrollable: false; [ACTION_FOCUS, ACTION_SELECT, ACTION_CLEAR_SELECTION, ACTION_CLICK, ACTION_ACCESSIBILITY_FOCUS, ACTION_NEXT_AT_MOVEMENT_GRANULARITY, ACTION_PREVIOUS_AT_MOVEMENT_GRANULARITY, ACTION_SET_SELECTION]
I/AccessibilityService( 1123): Node Center Coordinate -> x = 240, y = 73
I/AccessibilityService( 1123): TREE_RESULT -> Current Node = android.view.accessibility.AccessibilityNodeInfo@a154; boundsInParent: Rect(524246, 0 - 524342, 96); boundsInScreen: Rect(0, 634 - 96, 730); packageName: com.android.launcher; className: android.widget.TextView; text: Phone; contentDescription: null; viewIdResName: null; checkable: false; checked: false; focusable: true; focused: false; selected: false; clickable: true; longClickable: true; enabled: true; password: false; scrollable: false; [ACTION_FOCUS, ACTION_SELECT, ACTION_CLEAR_SELECTION, ACTION_CLICK, ACTION_LONG_CLICK, ACTION_ACCESSIBILITY_FOCUS, ACTION_NEXT_AT_MOVEMENT_GRANULARITY, ACTION_PREVIOUS_AT_MOVEMENT_GRANULARITY, ACTION_SET_SELECTION]
I/AccessibilityService( 1123): Node Center Coordinate -> x = 48, y = 682
I/AccessibilityService( 1123): TREE_RESULT -> Current Node = android.view.accessibility.AccessibilityNodeInfo@a515; boundsInParent: Rect(524246, 0 - 524342, 96); boundsInScreen: Rect(96, 634 - 192, 730); packageName: com.android.launcher; className: android.widget.TextView; text: People; contentDescription: null; viewIdResName: null; checkable: false; checked: false; focusable: true; focused: false; selected: false; clickable: true; longClickable: true; enabled: true; password: false; scrollable: false; [ACTION_FOCUS, ACTION_SELECT, ACTION_CLEAR_SELECTION, ACTION_CLICK, ACTION_LONG_CLICK, ACTION_ACCESSIBILITY_FOCUS, ACTION_NEXT_AT_MOVEMENT_GRANULARITY, ACTION_PREVIOUS_AT_MOVEMENT_GRANULARITY, ACTION_SET_SELECTION]
I/AccessibilityService( 1123): Node Center Coordinate -> x = 144, y = 682
I/AccessibilityService( 1123): TREE_RESULT -> Current Node = android.view.accessibility.AccessibilityNodeInfo@a8d6; boundsInParent: Rect(524246, 0 - 524342, 96); boundsInScreen: Rect(192, 634 - 288, 730); packageName: com.android.launcher; className: android.widget.TextView; text: null; contentDescription: Apps; viewIdResName: null; checkable: false; checked: false; focusable: true; focused: false; selected: false; clickable: true; longClickable: false; enabled: true; password: false; scrollable: false; [ACTION_FOCUS, ACTION_SELECT, ACTION_CLEAR_SELECTION, ACTION_CLICK, ACTION_ACCESSIBILITY_FOCUS]
I/AccessibilityService( 1123): Node Center Coordinate -> x = 240, y = 682
I/AccessibilityService( 1123): TREE_RESULT -> Current Node = android.view.accessibility.AccessibilityNodeInfo@ac97; boundsInParent: Rect(524246, 0 - 524342, 96); boundsInScreen: Rect(288, 634 - 384, 730); packageName: com.android.launcher; className: android.widget.TextView; text: Messaging; contentDescription: null; viewIdResName: null; checkable: false; checked: false; focusable: true; focused: false; selected: false; clickable: true; longClickable: true; enabled: true; password: false; scrollable: false; [ACTION_FOCUS, ACTION_SELECT, ACTION_CLEAR_SELECTION, ACTION_CLICK, ACTION_LONG_CLICK, ACTION_ACCESSIBILITY_FOCUS, ACTION_NEXT_AT_MOVEMENT_GRANULARITY, ACTION_PREVIOUS_AT_MOVEMENT_GRANULARITY, ACTION_SET_SELECTION]
I/AccessibilityService( 1123): Node Center Coordinate -> x = 336, y = 682
I/AccessibilityService( 1123): TREE_RESULT -> Current Node = android.view.accessibility.AccessibilityNodeInfo@b058; boundsInParent: Rect(524246, 0 - 524342, 96); boundsInScreen: Rect(384, 634 - 480, 730); packageName: com.android.launcher; className: android.widget.TextView; text: Browser; contentDescription: null; viewIdResName: null; checkable: false; checked: false; focusable: true; focused: false; selected: false; clickable: true; longClickable: true; enabled: true; password: false; scrollable: false; [ACTION_FOCUS, ACTION_SELECT, ACTION_CLEAR_SELECTION, ACTION_CLICK, ACTION_LONG_CLICK, ACTION_ACCESSIBILITY_FOCUS, ACTION_NEXT_AT_MOVEMENT_GRANULARITY, ACTION_PREVIOUS_AT_MOVEMENT_GRANULARITY, ACTION_SET_SELECTION]
I/AccessibilityService( 1123): Node Center Coordinate -> x = 432, y = 682
I/AccessibilityService( 1123): CHECKER_RESULT -> [{"packageName":"com.a1.quiz.ged.free","checks":[{"numNodesChecked":20,"checkType":"TOUCH_TARGET_SIZE","messages":[{"count":1,"message":"View is too small of a touch target. Minimum touch target size is 48x48dp."}],"totalErrors":1}]}]
I/AccessibilityService( 1123): CHECKER_RESULT -> [{"packageName":"com.a1.quiz.ged.free","checks":[{"numNodesChecked":25,"checkType":"DUPLICATE_CLICKABLE_BOUNDS","messages":[],"totalErrors":0}]}]
I/AccessibilityService( 1123): CHECKER_RESULT -> [{"packageName":"com.a1.quiz.ged.free","checks":[{"numNodesChecked":15,"checkType":"EDITABLE_CONTENT_DESC","messages":[],"totalErrors":0}]}]
I/AccessibilityService( 1123): CHECKER_RESULT -> [{"packageName":"com.a1.quiz.ged.free","checks":[{"numNodesChecked":0,"checkType":"EDITABLE_CONTENT_DESC","messages":[],"totalErrors":0}]}]
I/AccessibilityService( 1123): CHECKER_RESULT -> [{"packageName":"com.a1.quiz.ged.free","checks":[{"numNodesChecked":8,"checkType":"CLICKABLE_SPAN","messages":[],"totalErrors":0}]}]
I/AccessibilityService( 1123): CHECKER_RESULT -> [{"packageName":"com.a1.quiz.ged.free","checks":[{"numNodesChecked":9,"checkType":"SPEAKABLE_TEXT_PRESENT","messages":[],"totalErrors":0}]}]
D/AccessibilityService( 1123): on accessibility event
W/ResourceType(  520): No known package when getting name for resource number 0x9b000000
D/dalvikvm( 1123): GC_CONCURRENT freed 488K, 19% free 3069K/3768K, paused 4ms+33ms, total 82ms
W/ResourceType(  520): No known package when getting name for resource number 0x9b010100
W/ResourceType(  520): No known package when getting name for resource number 0x9b030300
W/ResourceType(  520): No known package when getting name for resource number 0x9b040400
W/ResourceType(  520): No known package when getting name for resource number 0x9c020100
W/ResourceType(  520): No known package when getting name for resource number 0x9c030203
W/ResourceType(  520): No known package when getting name for resource number 0x9c010003
D/AccessibilityService( 1123): on accessibility event
W/ResourceType(  520): No known package when getting name for resource number 0x9b000000
W/ResourceType(  520): No known package when getting name for resource number 0x9b010100
W/ResourceType(  520): No known package when getting name for resource number 0x9b030300
W/ResourceType(  520): No known package when getting name for resource number 0x9b040400
W/ResourceType(  520): No known package when getting name for resource number 0x9c020100
W/ResourceType(  520): No known package when getting name for resource number 0x9c030203
W/ResourceType(  520): No known package when getting name for resource number 0x9c010003
D/dalvikvm( 1205): GC_CONCURRENT freed 648K, 10% free 6692K/7400K, paused 9ms+20ms, total 195ms
D/dalvikvm(  506): GC_CONCURRENT freed 463K, 17% free 3336K/3988K, paused 8ms+4ms, total 47ms
D/dalvikvm( 1205): GC_CONCURRENT freed 963K, 14% free 6975K/8024K, paused 71ms+95ms, total 235ms
D/dalvikvm( 1205): GC_FOR_ALLOC freed 774K, 16% free 7138K/8400K, paused 55ms, total 86ms
D/dalvikvm( 1205): GC_CONCURRENT freed 1096K, 15% free 7389K/8632K, paused 9ms+40ms, total 324ms
W/chromium( 1205): [WARNING:simple_index_file.cc(338)] Could not map Simple Index file.
I/chromium( 1205): [INFO:simple_index_file.cc(437)] Simple Cache Index is being restored from disk.
E/dalvikvm( 1205): Could not find class 'android.support.v4.util.ArrayMap', referenced from method com.google.android.gms.internal.zzrf.toString
W/dalvikvm( 1205): VFY: unable to resolve new-instance 367 (Landroid/support/v4/util/ArrayMap;) in Lcom/google/android/gms/internal/zzrf;
D/dalvikvm( 1205): VFY: replacing opcode 0x22 at 0x0000
D/dalvikvm( 1205): DexOpt: unable to opt direct call 0x0913 at 0x02 in Lcom/google/android/gms/internal/zzrf;.toString
I/Ads     ( 1205): CsiReporterFactory: CSI is not enabled. No CSI reporter created.
I/Ads     ( 1205): CsiReporterFactory: CSI is not enabled. No CSI reporter created.
I/dalvikvm( 1205): Could not find method android.webkit.WebSettings.setMixedContentMode, referenced from method com.google.android.gms.internal.zzif.<init>
W/dalvikvm( 1205): VFY: unable to resolve virtual method 5144: Landroid/webkit/WebSettings;.setMixedContentMode (I)V
D/dalvikvm( 1205): VFY: replacing opcode 0x6e at 0x004a
I/Ads     ( 1205): CsiReporterFactory: CSI is not enabled. No CSI reporter created.
W/chromium( 1205): [WARNING:simple_index_file.cc(338)] Could not map Simple Index file.
I/chromium( 1205): [INFO:simple_index_file.cc(437)] Simple Cache Index is being restored from disk.
I/chromium( 1205): [INFO:CONSOLE(0)] "Creating Application Cache with manifest https://googleads.g.doubleclick.net/mads/static/mad/sdk/native/sdk-core-v40.appcache", source: https://googleads.g.doubleclick.net/mads/static/mad/sdk/native/sdk-core-v40.html (0)
I/chromium( 1205): [INFO:CONSOLE(0)] "Application Cache Checking event", source: https://googleads.g.doubleclick.net/mads/static/mad/sdk/native/sdk-core-v40.html (0)
I/chromium( 1205): [INFO:CONSOLE(0)] "Application Cache Downloading event", source: https://googleads.g.doubleclick.net/mads/static/mad/sdk/native/sdk-core-v40.html (0)
I/chromium( 1205): [INFO:CONSOLE(0)] "Creating Application Cache with manifest https://googleads.g.doubleclick.net/mads/static/mad/sdk/native/sdk-core-v40.appcache", source: https://googleads.g.doubleclick.net/mads/static/mad/sdk/native/sdk-core-v40.html (0)
I/chromium( 1205): [INFO:CONSOLE(0)] "Application Cache Checking event", source: https://googleads.g.doubleclick.net/mads/static/mad/sdk/native/sdk-core-v40.html (0)
I/chromium( 1205): [INFO:CONSOLE(0)] "Application Cache Downloading event", source: https://googleads.g.doubleclick.net/mads/static/mad/sdk/native/sdk-core-v40.html (0)
I/chromium( 1205): [INFO:CONSOLE(0)] "Creating Application Cache with manifest https://googleads.g.doubleclick.net/mads/static/mad/sdk/native/sdk-core-v40.appcache", source: https://googleads.g.doubleclick.net/mads/static/mad/sdk/native/sdk-core-v40.html (0)
I/chromium( 1205): [INFO:CONSOLE(0)] "Application Cache Checking event", source: https://googleads.g.doubleclick.net/mads/static/mad/sdk/native/sdk-core-v40.html (0)
I/chromium( 1205): [INFO:CONSOLE(0)] "Application Cache Downloading event", source: https://googleads.g.doubleclick.net/mads/static/mad/sdk/native/sdk-core-v40.html (0)
I/chromium( 1205): [INFO:CONSOLE(0)] "Application Cache Progress event (0 of 2) https://googleads.g.doubleclick.net/mads/static/mad/sdk/native/sdk-core-v40.js", source: https://googleads.g.doubleclick.net/mads/static/mad/sdk/native/sdk-core-v40.html (0)
I/chromium( 1205): [INFO:CONSOLE(0)] "Application Cache Progress event (0 of 2) https://googleads.g.doubleclick.net/mads/static/mad/sdk/native/sdk-core-v40.js", source: https://googleads.g.doubleclick.net/mads/static/mad/sdk/native/sdk-core-v40.html (0)
I/chromium( 1205): [INFO:CONSOLE(0)] "Application Cache Progress event (0 of 2) https://googleads.g.doubleclick.net/mads/static/mad/sdk/native/sdk-core-v40.js", source: https://googleads.g.doubleclick.net/mads/static/mad/sdk/native/sdk-core-v40.html (0)
I/chromium( 1205): [INFO:CONSOLE(0)] "Application Cache Progress event (1 of 2) https://googleads.g.doubleclick.net/mads/static/mad/sdk/native/native_ads.js", source: https://googleads.g.doubleclick.net/mads/static/mad/sdk/native/sdk-core-v40.html (0)
I/chromium( 1205): [INFO:CONSOLE(0)] "Application Cache Progress event (1 of 2) https://googleads.g.doubleclick.net/mads/static/mad/sdk/native/native_ads.js", source: https://googleads.g.doubleclick.net/mads/static/mad/sdk/native/sdk-core-v40.html (0)
I/chromium( 1205): [INFO:CONSOLE(0)] "Application Cache Progress event (1 of 2) https://googleads.g.doubleclick.net/mads/static/mad/sdk/native/native_ads.js", source: https://googleads.g.doubleclick.net/mads/static/mad/sdk/native/sdk-core-v40.html (0)
W/ActivityManager(  358): Unable to start service Intent { act=com.google.android.gms.analytics.service.START cmp=com.google.android.gms/.analytics.service.AnalyticsService (has extras) } U=0: not found
W/GAV4    ( 1205): Thread[GAThread,5,main]: Service unavailable (code=1), will retry.
I/chromium( 1205): [INFO:CONSOLE(0)] "Application Cache Progress event (2 of 2) ", source: https://googleads.g.doubleclick.net/mads/static/mad/sdk/native/sdk-core-v40.html (0)
I/chromium( 1205): [INFO:CONSOLE(0)] "Application Cache Progress event (2 of 2) ", source: https://googleads.g.doubleclick.net/mads/static/mad/sdk/native/sdk-core-v40.html (0)
I/chromium( 1205): [INFO:CONSOLE(0)] "Application Cache Progress event (2 of 2) ", source: https://googleads.g.doubleclick.net/mads/static/mad/sdk/native/sdk-core-v40.html (0)
I/chromium( 1205): [INFO:CONSOLE(0)] "Application Cache Cached event", source: https://googleads.g.doubleclick.net/mads/static/mad/sdk/native/sdk-core-v40.html (0)
I/chromium( 1205): [INFO:CONSOLE(0)] "Application Cache Cached event", source: https://googleads.g.doubleclick.net/mads/static/mad/sdk/native/sdk-core-v40.html (0)
I/chromium( 1205): [INFO:CONSOLE(0)] "Application Cache Cached event", source: https://googleads.g.doubleclick.net/mads/static/mad/sdk/native/sdk-core-v40.html (0)
W/Ads     ( 1205): There was a problem getting an ad response. ErrorCode: 0
W/Ads     ( 1205): Failed to load ad: 0
W/GAV4    ( 1205): Thread[Service Reconnect,5,main]: Service unavailable (code=1), using local store.
W/ActivityManager(  358): Unable to start service Intent { act=com.google.android.gms.analytics.service.START cmp=com.google.android.gms/.analytics.service.AnalyticsService (has extras) } U=0: not found
D/dalvikvm( 1205): GC_CONCURRENT freed 1209K, 15% free 7600K/8892K, paused 10ms+12ms, total 95ms
I/Ads     ( 1205): Scheduling ad refresh 60000 milliseconds from now.
I/Ads     ( 1205): Ad finished loading.
I/Choreographer( 1205): Skipped 32 frames!  The application may be doing too much work on its main thread.
I/Ads     ( 1205): Scheduling ad refresh 60000 milliseconds from now.
I/Ads     ( 1205): Ad finished loading.
I/chromium( 1205): [INFO:CONSOLE(0)] "Document was loaded from Application Cache with manifest https://googleads.g.doubleclick.net/mads/static/mad/sdk/native/sdk-core-v40.appcache", source: https://googleads.g.doubleclick.net/mads/static/mad/sdk/native/sdk-core-v40.html (0)
I/chromium( 1205): [INFO:CONSOLE(0)] "Application Cache Checking event", source: https://googleads.g.doubleclick.net/mads/static/mad/sdk/native/sdk-core-v40.html (0)
I/chromium( 1205): [INFO:CONSOLE(0)] "Application Cache NoUpdate event", source: https://googleads.g.doubleclick.net/mads/static/mad/sdk/native/sdk-core-v40.html (0)
D/AccessibilityService( 1123): on accessibility event
W/ResourceType(  520): No known package when getting name for resource number 0x9b000000
W/ResourceType(  520): No known package when getting name for resource number 0x9b010100
W/ResourceType(  520): No known package when getting name for resource number 0x9b030300
W/ResourceType(  520): No known package when getting name for resource number 0x9b040400
W/ResourceType(  520): No known package when getting name for resource number 0x9c020100
W/ResourceType(  520): No known package when getting name for resource number 0x9c030203
W/ResourceType(  520): No known package when getting name for resource number 0x9c010003
D/dalvikvm( 1205): GC_CONCURRENT freed 1455K, 17% free 7634K/9172K, paused 15ms+9ms, total 103ms
D/MobileDataStateTracker(  358): default: setPolicyDataEnable(enabled=true)
I/Ads     ( 1205): Ad is not visible. Not refreshing ad.
I/Ads     ( 1205): Scheduling ad refresh 60000 milliseconds from now.
I/Ads     ( 1205): Ad is not visible. Not refreshing ad.
I/Ads     ( 1205): Scheduling ad refresh 60000 milliseconds from now.
D/AccessibilityService( 1123): on accessibility event
W/ResourceType(  520): No known package when getting name for resource number 0x9b000000
W/ResourceType(  520): No known package when getting name for resource number 0x9b010100
W/ResourceType(  520): No known package when getting name for resource number 0x9b030300
W/ResourceType(  520): No known package when getting name for resource number 0x9b040400
W/ResourceType(  520): No known package when getting name for resource number 0x9c020100
W/ResourceType(  520): No known package when getting name for resource number 0x9c030203
W/ResourceType(  520): No known package when getting name for resource number 0x9c010003
D/dalvikvm( 1205): GC_CONCURRENT freed 1892K, 22% free 7241K/9220K, paused 21ms+10ms, total 106ms
I/Ads     ( 1205): Ad is not visible. Not refreshing ad.
I/Ads     ( 1205): Scheduling ad refresh 60000 milliseconds from now.
I/Ads     ( 1205): Ad is not visible. Not refreshing ad.
I/Ads     ( 1205): Scheduling ad refresh 60000 milliseconds from now.
D/AccessibilityService( 1123): on accessibility event
W/ResourceType(  520): No known package when getting name for resource number 0x9b000000
W/ResourceType(  520): No known package when getting name for resource number 0x9b010100
W/ResourceType(  520): No known package when getting name for resource number 0x9b030300
W/ResourceType(  520): No known package when getting name for resource number 0x9b040400
W/ResourceType(  520): No known package when getting name for resource number 0x9c020100
W/ResourceType(  520): No known package when getting name for resource number 0x9c030203
W/ResourceType(  520): No known package when getting name for resource number 0x9c010003
D/dalvikvm( 1205): GC_CONCURRENT freed 1380K, 22% free 7240K/9216K, paused 5ms+13ms, total 111ms
I/Ads     ( 1205): Ad is not visible. Not refreshing ad.
I/Ads     ( 1205): Scheduling ad refresh 60000 milliseconds from now.
I/Ads     ( 1205): Ad is not visible. Not refreshing ad.
I/Ads     ( 1205): Scheduling ad refresh 60000 milliseconds from now.
D/AccessibilityService( 1123): on accessibility event
W/ResourceType(  520): No known package when getting name for resource number 0x9b000000
W/ResourceType(  520): No known package when getting name for resource number 0x9b010100
W/ResourceType(  520): No known package when getting name for resource number 0x9b030300
W/ResourceType(  520): No known package when getting name for resource number 0x9b040400
W/ResourceType(  520): No known package when getting name for resource number 0x9c020100
W/ResourceType(  520): No known package when getting name for resource number 0x9c030203
W/ResourceType(  520): No known package when getting name for resource number 0x9c010003
