--------- beginning of /dev/log/system
I/Vold    (   53): Vold 2.1 (the revenge) firing up
D/Vold    (   53): Volume sdcard state changing -1 (Initializing) -> 0 (No-Media)
D/Vold    (   53): Volume sdcard state changing 0 (No-Media) -> 1 (Idle-Unmounted)
I/SystemServer(  358): Entered the Android system server!
I/SystemServer(  358): Waiting for installd to be ready.
I/SystemServer(  358): Enabled StrictMode logging for WM Looper
I/Installer(  358): connecting...
I/SystemServer(  358): Power Manager
I/SystemServer(  358): Activity Manager
I/ActivityManager(  358): Memory class: 48
I/UiThread(  358): Enabled StrictMode logging for UI thread
I/IntentFirewall(  358): Read new rules (A:0 B:0 S:0)
I/ActivityManager(  358): Enabled StrictMode logging for AThread's Looper
I/SystemServer(  358): Display Manager
I/SystemServer(  358): Telephony Registry
I/DisplayManagerService(  358): Display device added: DisplayDeviceInfo{"Built-in Screen": 480 x 800, 260.416 fps, density 240, 240.0 x 240.0 dpi, touch INTERNAL, rotation 0, type BUILT_IN, FLAG_DEFAULT_DISPLAY, FLAG_ROTATES_WITH_CONTENT, FLAG_SECURE, FLAG_SUPPORTS_PROTECTED_BUFFERS}
I/SystemServer(  358): Scheduling Policy
I/SystemServer(  358): Package Manager
D/SELinuxMMAC(  358): Couldn't find install policy /data/security/mac_permissions.xml
D/SELinuxMMAC(  358): Using install policy file /system/etc/security/mac_permissions.xml
W/PackageManager(  358): Running ENG build: no pre-dexopt!
W/PackageParser(  358): No actions in intent filter at /system/priv-app/Contacts.apk Binary XML file line #375
W/PackageParser(  358): No actions in intent filter at /system/priv-app/Dialer.apk Binary XML file line #163
W/PackageParser(  358): No actions in intent filter at /data/app/ApiDemos.apk Binary XML file line #2899
W/PackageParser(  358): No actions in intent filter at /data/app/ApiDemos.apk Binary XML file line #2905
W/PackageManager(  358): Package com.example.android.apis desires unavailable shared library com.example.will.never.exist; ignoring!
W/PackageParser(  358): Unknown element under <application>: uses-permission at /data/app/com.example.autumnljohnson.myapplication-1.apk Binary XML file line #45
W/PackageManager(  358): Package com.example.android.apis desires unavailable shared library com.example.will.never.exist; ignoring!
W/PackageManager(  358): Package com.android.camera desires unavailable shared library com.google.android.media.effects; ignoring!
I/PackageManager(  358): Time to scan packages: 5.909 seconds
W/PackageManager(  358): Not granting permission android.permission.GLOBAL_SEARCH to package com.android.quicksearchbox (protectionLevel=18 flags=0x8be45)
W/PackageManager(  358): Unknown permission com.android.smspush.WAPPUSH_MANAGER_BIND in package com.android.phone
W/PackageManager(  358): Unknown permission com.google.android.googleapps.permission.GOOGLE_AUTH in package com.android.providers.calendar
W/PackageManager(  358): Unknown permission com.google.android.googleapps.permission.GOOGLE_AUTH.cl in package com.android.providers.calendar
W/PackageManager(  358): Not granting permission android.permission.READ_LOGS to package com.example.autumnljohnson.myapplication (protectionLevel=50 flags=0x48be46)
W/PackageManager(  358): Unknown permission com.google.android.googleapps.permission.GOOGLE_AUTH.mail in package com.android.calendar
W/PackageManager(  358): Not granting permission android.permission.ACCESS_DOWNLOAD_MANAGER to package com.android.browser (protectionLevel=18 flags=0x9be45)
W/PackageManager(  358): Not granting permission android.permission.SEND_DOWNLOAD_COMPLETED_INTENTS to package com.android.browser (protectionLevel=2 flags=0x9be45)
W/PackageManager(  358): Not granting permission android.permission.BIND_APPWIDGET to package com.android.widgetpreview (protectionLevel=18 flags=0x8be44)
W/PackageManager(  358): Unknown permission android.permission.INSTALL_DRM in package com.android.mms
W/PackageManager(  358): Unknown permission com.google.android.googleapps.permission.GOOGLE_AUTH in package com.android.settings
W/PackageManager(  358): Unknown permission com.google.android.googleapps.permission.ACCESS_GOOGLE_PASSWORD in package com.android.development
W/PackageManager(  358): Unknown permission com.google.android.googleapps.permission.GOOGLE_AUTH in package com.android.development
W/PackageManager(  358): Unknown permission com.google.android.googleapps.permission.GOOGLE_AUTH.ALL_SERVICES in package com.android.development
W/PackageManager(  358): Unknown permission com.google.android.googleapps.permission.GOOGLE_AUTH.YouTubeUser in package com.android.development
W/PackageManager(  358): Not granting permission android.permission.DELETE_PACKAGES to package com.svox.pico (protectionLevel=18 flags=0x8be45)
W/PackageManager(  358): Not granting permission android.permission.DEVICE_POWER to package com.android.deskclock (protectionLevel=2 flags=0x48be45)
I/SystemServer(  358): Entropy Mixer
I/EntropyMixer(  358): Writing entropy...
I/SystemServer(  358): User Service
I/SystemServer(  358): Account Manager
I/SystemServer(  358): Content Manager
I/SystemServer(  358): System Content Providers
I/SystemServer(  358): Lights Service
I/SystemServer(  358): Battery Service
I/SystemServer(  358): Vibrator Service
I/SystemServer(  358): Consumer IR Service
I/SystemServer(  358): Alarm Manager
I/SystemServer(  358): Init Watchdog
I/SystemServer(  358): Input Manager
I/InputManager(  358): Initializing input manager, mUseDevInputEventForAudioJack=false
I/SystemServer(  358): Window Manager
I/WindowManager(  358): No existing display settings /data/system/display_settings.xml; starting empty
I/WindowManager(  358): No keyguard interface!
I/InputManager(  358): Starting input manager
I/SystemServer(  358): No Bluetooh Service (emulator)
I/SystemServer(  358): Input Method Service
W/InputMethodManagerService(  358): Couldn't create dir.: /data/system/inputmethod
I/SystemServer(  358): Accessibility Manager
I/ActivityManager(  358): Config changes=1df8 {1.0 ?mcc?mnc en_US ldltr sw320dp w320dp h533dp 240dpi nrml long port ?uimode ?night -touch qwerty/v/v -nav/h s.2}
I/ActivityManager(  358): Config changes=508 {1.0 ?mcc?mnc en_US ldltr sw320dp w320dp h460dp 240dpi nrml port ?uimode ?night finger qwerty/v/v -nav/h s.3}
I/SystemServer(  358): Mount Service
D/MountService(  358): got storage path: /storage/sdcard description: USB storage primary: true removable: false emulated: false mtpReserve: 0 allowMassStorage: false maxFileSize: 0
D/MountService(  358): addVolumeLocked() StorageVolume:
D/MountService(  358):     mStorageId=0 mPath=/storage/sdcard mDescriptionId=17040665 mPrimary=true 
D/MountService(  358):     mRemovable=false mEmulated=false mMtpReserveSpace=0 
D/MountService(  358):     mAllowMassStorage=false mMaxFileSize=0 mOwner=null mUuid=null 
D/MountService(  358):     mUserLabel=null mState=null 
I/SystemServer(  358): LockSettingsService
I/SystemServer(  358): Device Policy
I/SystemServer(  358): Status Bar
I/SystemServer(  358): Clipboard Service
I/SystemServer(  358): NetworkManagement Service
I/SystemServer(  358): Text Service Manager Service
W/MountService(  358): Duplicate state transition (unmounted -> unmounted) for /storage/sdcard
W/MountService(  358): getSecureContainerList() called when storage not mounted
I/SystemServer(  358): NetworkStats Service
W/PackageManager(  358): Not granting permission android.permission.GLOBAL_SEARCH to package com.android.quicksearchbox (protectionLevel=18 flags=0x8be45)
I/SystemServer(  358): NetworkPolicy Service
I/SystemServer(  358): Wi-Fi P2pService
W/PackageManager(  358): Unknown permission com.android.smspush.WAPPUSH_MANAGER_BIND in package com.android.phone
W/PackageManager(  358): Unknown permission com.google.android.googleapps.permission.GOOGLE_AUTH in package com.android.providers.calendar
W/PackageManager(  358): Unknown permission com.google.android.googleapps.permission.GOOGLE_AUTH.cl in package com.android.providers.calendar
W/PackageManager(  358): Not granting permission android.permission.READ_LOGS to package com.example.autumnljohnson.myapplication (protectionLevel=50 flags=0x48be46)
W/PackageManager(  358): Unknown permission com.google.android.googleapps.permission.GOOGLE_AUTH.mail in package com.android.calendar
W/PackageManager(  358): Not granting permission android.permission.ACCESS_DOWNLOAD_MANAGER to package com.android.browser (protectionLevel=18 flags=0x9be45)
W/PackageManager(  358): Not granting permission android.permission.SEND_DOWNLOAD_COMPLETED_INTENTS to package com.android.browser (protectionLevel=2 flags=0x9be45)
W/PackageManager(  358): Not granting permission android.permission.BIND_APPWIDGET to package com.android.widgetpreview (protectionLevel=18 flags=0x8be44)
W/PackageManager(  358): Unknown permission android.permission.INSTALL_DRM in package com.android.mms
W/PackageManager(  358): Unknown permission com.google.android.googleapps.permission.GOOGLE_AUTH in package com.android.settings
W/PackageManager(  358): Unknown permission com.google.android.googleapps.permission.ACCESS_GOOGLE_PASSWORD in package com.android.development
W/PackageManager(  358): Unknown permission com.google.android.googleapps.permission.GOOGLE_AUTH in package com.android.development
W/PackageManager(  358): Unknown permission com.google.android.googleapps.permission.GOOGLE_AUTH.ALL_SERVICES in package com.android.development
W/PackageManager(  358): Unknown permission com.google.android.googleapps.permission.GOOGLE_AUTH.YouTubeUser in package com.android.development
W/PackageManager(  358): Not granting permission android.permission.DELETE_PACKAGES to package com.svox.pico (protectionLevel=18 flags=0x8be45)
W/PackageManager(  358): Not granting permission android.permission.DEVICE_POWER to package com.android.deskclock (protectionLevel=2 flags=0x48be45)
I/SystemServer(  358): Wi-Fi Service
I/SystemServer(  358): Connectivity Service
D/ConnectivityService(  358): ConnectivityService starting up
D/ConnectivityService(  358): wifiOnly=false
E/MobileDataStateTracker(  358): default: Ignoring feature request because could not acquire PhoneService
E/MobileDataStateTracker(  358): default: Could not enable APN type "default"
I/WifiService(  358): WifiService starting up with Wi-Fi disabled
I/SystemServer(  358): Network Service Discovery Service
D/NsdService(  358): Network service discovery enabled true
I/SystemServer(  358): UpdateLock Service
I/SystemServer(  358): Notification Manager
I/SystemServer(  358): Device Storage Monitor
I/SystemServer(  358): Location Manager
I/SystemServer(  358): Country Detector
I/SystemServer(  358): Search Service
I/SystemServer(  358): DropBox Service
I/SystemServer(  358): Wallpaper Service
I/SystemServer(  358): Audio Service
I/SystemServer(  358): Dock Observer
W/DockObserver(  358): This kernel does not have dock station support
I/SystemServer(  358): Wired Accessory Manager
W/WiredAccessoryManager(  358): This kernel does not have wired headset support
W/WiredAccessoryManager(  358): This kernel does not have usb audio support
W/WiredAccessoryManager(  358): This kernel does not have HDMI audio support
I/SystemServer(  358): USB Service
I/SystemServer(  358): Serial Service
I/SystemServer(  358): Twilight Service
I/SystemServer(  358): UI Mode Manager Service
I/SystemServer(  358): Backup Service
V/BackupManagerService(  358): Initializing package tracking
V/BackupManagerService(  358): No ancestral data
V/BackupManagerService(  358): addPackageParticipantsLocked: all
I/BackupManagerService(  358): Scheduling backup for new app com.android.calendar
D/BackupManagerService(  358): Now staging backup of com.android.calendar
I/BackupManagerService(  358): Scheduling backup for new app com.android.browser
D/BackupManagerService(  358): Now staging backup of com.android.browser
I/BackupManagerService(  358): Scheduling backup for new app com.android.providers.userdictionary
D/BackupManagerService(  358): Now staging backup of com.android.providers.userdictionary
I/BackupManagerService(  358): Scheduling backup for new app com.android.sharedstoragebackup
D/BackupManagerService(  358): Now staging backup of com.android.sharedstoragebackup
I/BackupManagerService(  358): Scheduling backup for new app android
D/BackupManagerService(  358): Now staging backup of android
I/BackupManagerService(  358): Scheduling backup for new app com.android.dialer
D/BackupManagerService(  358): Now staging backup of com.android.dialer
I/BackupManagerService(  358): Scheduling backup for new app com.android.providers.settings
D/BackupManagerService(  358): Now staging backup of com.android.providers.settings
V/BackupManagerService(  358): Starting with transport android/com.android.internal.backup.LocalTransport
V/BackupManagerService(  358): Found transports: 1
I/BackupManagerService(  358): Binding to transport host ComponentInfo{android/com.android.internal.backup.LocalTransportService}
I/BackupManagerService(  358): Found stale backup journal, scheduling
I/BackupManagerService(  358):   com.android.calendar
I/BackupManagerService(  358):   com.android.browser
I/BackupManagerService(  358):   com.android.providers.userdictionary
I/BackupManagerService(  358):   com.android.sharedstoragebackup
I/BackupManagerService(  358):   android
I/BackupManagerService(  358):   com.android.dialer
I/BackupManagerService(  358):   com.android.providers.settings
I/BackupManagerService(  358): Backup enabled => true
I/SystemServer(  358): AppWidget Service
I/SystemServer(  358): Recognition Service
I/SystemServer(  358): DiskStats Service
I/SystemServer(  358): SamplingProfiler Service
I/SystemServer(  358): NetworkTimeUpdateService
I/SystemServer(  358): CommonTimeManagementService
I/SystemServer(  358): CertBlacklister
I/SystemServer(  358): Dreams Service
I/SystemServer(  358): Assets Atlas Service
I/SystemServer(  358): IdleMaintenanceService
I/SystemServer(  358): Print Service
I/SystemServer(  358): Media Router Service
I/ActivityManager(  358): Start proc com.android.systemui for service com.android.keyguard/.KeyguardService: pid=410 uid=10007 gids={50007, 1028, 1015, 1035, 3002, 3001}
W/SystemServer(  358): ***********************************************
I/AppOps  (  358): Pruning old package media/1013: new uid=-1
I/ActivityManager(  358): System now ready
I/SystemServer(  358): Making services ready
D/NetworkManagementService(  358): enabling bandwidth control
I/Vold    (   53): /dev/block/vold/179:0 being considered for volume sdcard
D/Vold    (   53): Volume sdcard state changing 1 (Idle-Unmounted) -> 3 (Checking)
D/MountService(  358): volume state changed for /storage/sdcard (unmounted -> checking)
D/MountService(  358): sendStorageIntent Intent { act=android.intent.action.MEDIA_CHECKING dat=file:///storage/sdcard (has extras) } to UserHandle{-1}
I/Vold    (   53): Filesystem check completed OK
D/Vold    (   53): Volume sdcard state changing 3 (Checking) -> 4 (Mounted)
E/NetdConnector(  358): NDC Command {1 bandwidth enable} took too long (3261ms)
E/VoldConnector(  358): NDC Command {3 volume mount /storage/sdcard} took too long (3295ms)
D/MountService(  358): volume state changed for /storage/sdcard (checking -> mounted)
D/MountService(  358): sendStorageIntent Intent { act=android.intent.action.MEDIA_MOUNTED dat=file:///storage/sdcard (has extras) } to UserHandle{-1}
W/PackageManager(  358): Not granting permission android.permission.GLOBAL_SEARCH to package com.android.quicksearchbox (protectionLevel=18 flags=0x88be45)
W/PackageManager(  358): Unknown permission com.android.smspush.WAPPUSH_MANAGER_BIND in package com.android.phone
W/PackageManager(  358): Unknown permission com.google.android.googleapps.permission.GOOGLE_AUTH in package com.android.providers.calendar
W/PackageManager(  358): Unknown permission com.google.android.googleapps.permission.GOOGLE_AUTH.cl in package com.android.providers.calendar
W/PackageManager(  358): Not granting permission android.permission.READ_LOGS to package com.example.autumnljohnson.myapplication (protectionLevel=50 flags=0xc8be46)
W/PackageManager(  358): Unknown permission com.google.android.googleapps.permission.GOOGLE_AUTH.mail in package com.android.calendar
W/PackageManager(  358): Not granting permission android.permission.ACCESS_DOWNLOAD_MANAGER to package com.android.browser (protectionLevel=18 flags=0x89be45)
W/PackageManager(  358): Not granting permission android.permission.SEND_DOWNLOAD_COMPLETED_INTENTS to package com.android.browser (protectionLevel=2 flags=0x89be45)
W/PackageManager(  358): Not granting permission android.permission.BIND_APPWIDGET to package com.android.widgetpreview (protectionLevel=18 flags=0x8be44)
W/PackageManager(  358): Unknown permission android.permission.INSTALL_DRM in package com.android.mms
W/PackageManager(  358): Unknown permission com.google.android.googleapps.permission.GOOGLE_AUTH in package com.android.settings
E/NetdConnector(  358): NDC Command {2 firewall disable} took too long (1579ms)
W/PackageManager(  358): Unknown permission com.google.android.googleapps.permission.ACCESS_GOOGLE_PASSWORD in package com.android.development
W/PackageManager(  358): Unknown permission com.google.android.googleapps.permission.GOOGLE_AUTH in package com.android.development
W/PackageManager(  358): Unknown permission com.google.android.googleapps.permission.GOOGLE_AUTH.ALL_SERVICES in package com.android.development
W/PackageManager(  358): Unknown permission com.google.android.googleapps.permission.GOOGLE_AUTH.YouTubeUser in package com.android.development
W/PackageManager(  358): Not granting permission android.permission.DELETE_PACKAGES to package com.svox.pico (protectionLevel=18 flags=0x88be45)
W/PackageManager(  358): Not granting permission android.permission.DEVICE_POWER to package com.android.deskclock (protectionLevel=2 flags=0xc8be45)
I/ActivityManager(  358): Start proc android.process.media for broadcast com.android.providers.downloads/.DownloadReceiver: pid=464 uid=10005 gids={50005, 1028, 1015, 1023, 1024, 2001, 3003, 3007}
E/NetdConnector(  358): NDC Command {4 bandwidth setglobalalert 2097152} took too long (515ms)
I/StatusBarManagerService(  358): registerStatusBar bar=com.android.internal.statusbar.IStatusBar$Stub$Proxy@b2e8b2a0
E/NetdConnector(  358): NDC Command {5 firewall disable} took too long (2680ms)
I/ActivityManager(  358): Config changes=200 {1.0 ?mcc?mnc en_US ldltr sw320dp w320dp h460dp 240dpi nrml port finger qwerty/v/v -nav/h s.4}
W/RecognitionManagerService(  358): no available voice recognition services found for user 0
W/InputMethodManagerService(  358): Ignoring setImeWindowStatus of uid 1000 token: null
I/ActivityManager(  358): Start proc com.android.inputmethod.latin for service com.android.inputmethod.latin/.LatinIME: pid=494 uid=10029 gids={50029, 1028, 1015}
V/InputMethodManagerService(  358): Adding window token: android.os.Binder@b2f632c8
W/LocationManagerService(  358): no network location provider found
E/LocationManagerService(  358): no geocoder provider found
E/LocationManagerService(  358): No FusedProvider found.
E/LocationManagerService(  358): no geofence provider found
I/ActivityManager(  358): Start proc com.android.phone for added application com.android.phone: pid=506 uid=1001 gids={41001, 3002, 3001, 3003, 1028, 1015}
I/ActivityManager(  358): START u0 {act=android.intent.action.MAIN cat=[android.intent.category.HOME] flg=0x10000000 cmp=com.android.launcher/com.android.launcher2.Launcher} from pid 0
I/ActivityManager(  358): Start proc com.android.launcher for activity com.android.launcher/com.android.launcher2.Launcher: pid=520 uid=10008 gids={50008}
I/SystemServer(  358): Enabled StrictMode for system server main thread.
W/InputMethodManagerService(  358): Focus gain on non-focused client android.view.inputmethod.InputMethodManager$1@b2f4d118 (uid=1000 pid=358)
V/BackupManagerService(  358): Connected to transport ComponentInfo{android/com.android.internal.backup.LocalTransportService}
V/BackupManagerService(  358): Registering transport android/com.android.internal.backup.LocalTransportService::android/com.android.internal.backup.LocalTransport = com.android.internal.backup.LocalTransport@b2fbe100
I/ActivityManager(  358): Start proc com.android.printspooler for service com.android.printspooler/.PrintSpoolerService: pid=546 uid=10039 gids={50039}
I/ActivityManager(  358): Start proc android.process.acore for content provider com.android.providers.userdictionary/.UserDictionaryProvider: pid=567 uid=10002 gids={50002, 3003, 1028, 1015}
I/PackageManager(  358): Adding preferred activity ComponentInfo{com.android.mms/com.android.mms.ui.ComposeMessageActivity} for user 0 :
I/PackageManager(  358): Adding preferred activity ComponentInfo{com.android.mms/com.android.mms.ui.ComposeMessageActivity} for user 0 :
I/PackageManager(  358): Adding preferred activity ComponentInfo{com.android.mms/com.android.mms.ui.ComposeMessageActivity} for user 0 :
I/PackageManager(  358): Adding preferred activity ComponentInfo{com.android.mms/com.android.mms.ui.ComposeMessageActivity} for user 0 :
D/MobileDataStateTracker(  358): fota: Broadcast received: android.intent.action.ANY_DATA_STATE apnType=fota
D/MobileDataStateTracker(  358): fota: Received state=DISCONNECTED, old=DISCONNECTED, reason=radioTurnedOff
D/MobileDataStateTracker(  358): ia: Broadcast received: android.intent.action.ANY_DATA_STATE apnType=ia
D/MobileDataStateTracker(  358): ia: Received state=DISCONNECTED, old=DISCONNECTED, reason=radioTurnedOff
D/MobileDataStateTracker(  358): supl: Broadcast received: android.intent.action.ANY_DATA_STATE apnType=supl
D/MobileDataStateTracker(  358): supl: Received state=DISCONNECTED, old=DISCONNECTED, reason=radioTurnedOff
D/MobileDataStateTracker(  358): hipri: Broadcast received: android.intent.action.ANY_DATA_STATE apnType=hipri
D/MobileDataStateTracker(  358): hipri: Received state=DISCONNECTED, old=DISCONNECTED, reason=radioTurnedOff
D/MobileDataStateTracker(  358): ims: Broadcast received: android.intent.action.ANY_DATA_STATE apnType=ims
D/MobileDataStateTracker(  358): ims: Received state=DISCONNECTED, old=DISCONNECTED, reason=radioTurnedOff
D/MobileDataStateTracker(  358): default: Broadcast received: android.intent.action.ANY_DATA_STATE apnType=default
D/MobileDataStateTracker(  358): default: Received state=DISCONNECTED, old=DISCONNECTED, reason=radioTurnedOff
D/MobileDataStateTracker(  358): mms: Broadcast received: android.intent.action.ANY_DATA_STATE apnType=mms
D/MobileDataStateTracker(  358): mms: Received state=DISCONNECTED, old=DISCONNECTED, reason=radioTurnedOff
D/MobileDataStateTracker(  358): cbs: Broadcast received: android.intent.action.ANY_DATA_STATE apnType=cbs
D/MobileDataStateTracker(  358): cbs: Received state=DISCONNECTED, old=DISCONNECTED, reason=radioTurnedOff
D/MobileDataStateTracker(  358): fota: Broadcast received: android.intent.action.ANY_DATA_STATE apnType=fota
D/MobileDataStateTracker(  358): fota: Received state=DISCONNECTED, old=DISCONNECTED, reason=radioTurnedOff
D/MobileDataStateTracker(  358): ia: Broadcast received: android.intent.action.ANY_DATA_STATE apnType=ia
D/MobileDataStateTracker(  358): ia: Received state=DISCONNECTED, old=DISCONNECTED, reason=radioTurnedOff
D/MobileDataStateTracker(  358): supl: Broadcast received: android.intent.action.ANY_DATA_STATE apnType=supl
D/MobileDataStateTracker(  358): supl: Received state=DISCONNECTED, old=DISCONNECTED, reason=radioTurnedOff
D/MobileDataStateTracker(  358): hipri: Broadcast received: android.intent.action.ANY_DATA_STATE apnType=hipri
D/MobileDataStateTracker(  358): hipri: Received state=DISCONNECTED, old=DISCONNECTED, reason=radioTurnedOff
D/MobileDataStateTracker(  358): ims: Broadcast received: android.intent.action.ANY_DATA_STATE apnType=ims
D/MobileDataStateTracker(  358): ims: Received state=DISCONNECTED, old=DISCONNECTED, reason=radioTurnedOff
D/MobileDataStateTracker(  358): default: Broadcast received: android.intent.action.ANY_DATA_STATE apnType=default
D/MobileDataStateTracker(  358): default: Received state=DISCONNECTED, old=DISCONNECTED, reason=radioTurnedOff
D/MobileDataStateTracker(  358): mms: Broadcast received: android.intent.action.ANY_DATA_STATE apnType=mms
D/MobileDataStateTracker(  358): mms: Received state=DISCONNECTED, old=DISCONNECTED, reason=radioTurnedOff
D/MobileDataStateTracker(  358): cbs: Broadcast received: android.intent.action.ANY_DATA_STATE apnType=cbs
D/MobileDataStateTracker(  358): cbs: Received state=DISCONNECTED, old=DISCONNECTED, reason=radioTurnedOff
D/MobileDataStateTracker(  358): fota: Broadcast received: android.intent.action.ANY_DATA_STATE apnType=fota
D/MobileDataStateTracker(  358): fota: Received state=DISCONNECTED, old=DISCONNECTED, reason=dataDetached
D/MobileDataStateTracker(  358): ia: Broadcast received: android.intent.action.ANY_DATA_STATE apnType=ia
D/MobileDataStateTracker(  358): ia: Received state=DISCONNECTED, old=DISCONNECTED, reason=dataDetached
D/MobileDataStateTracker(  358): supl: Broadcast received: android.intent.action.ANY_DATA_STATE apnType=supl
D/MobileDataStateTracker(  358): supl: Received state=DISCONNECTED, old=DISCONNECTED, reason=dataDetached
D/MobileDataStateTracker(  358): hipri: Broadcast received: android.intent.action.ANY_DATA_STATE apnType=hipri
D/MobileDataStateTracker(  358): hipri: Received state=DISCONNECTED, old=DISCONNECTED, reason=dataDetached
D/MobileDataStateTracker(  358): ims: Broadcast received: android.intent.action.ANY_DATA_STATE apnType=ims
D/MobileDataStateTracker(  358): ims: Received state=DISCONNECTED, old=DISCONNECTED, reason=dataDetached
D/MobileDataStateTracker(  358): default: Broadcast received: android.intent.action.ANY_DATA_STATE apnType=default
D/MobileDataStateTracker(  358): default: Received state=DISCONNECTED, old=DISCONNECTED, reason=dataDetached
D/MobileDataStateTracker(  358): mms: Broadcast received: android.intent.action.ANY_DATA_STATE apnType=mms
D/MobileDataStateTracker(  358): mms: Received state=DISCONNECTED, old=DISCONNECTED, reason=dataDetached
D/MobileDataStateTracker(  358): cbs: Broadcast received: android.intent.action.ANY_DATA_STATE apnType=cbs
D/MobileDataStateTracker(  358): cbs: Received state=DISCONNECTED, old=DISCONNECTED, reason=dataDetached
D/MobileDataStateTracker(  358): fota: Broadcast received: android.intent.action.ANY_DATA_STATE apnType=fota
W/ActivityManager(  358): Timeout executing service: ServiceRecord{b2f2b030 u0 com.android.systemui/.ImageWallpaper}
D/MobileDataStateTracker(  358): fota: Received state=DISCONNECTED, old=DISCONNECTED, reason=roamingOff
D/MobileDataStateTracker(  358): ia: Broadcast received: android.intent.action.ANY_DATA_STATE apnType=ia
D/MobileDataStateTracker(  358): ia: Received state=DISCONNECTED, old=DISCONNECTED, reason=roamingOff
D/MobileDataStateTracker(  358): supl: Broadcast received: android.intent.action.ANY_DATA_STATE apnType=supl
D/MobileDataStateTracker(  358): supl: Received state=DISCONNECTED, old=DISCONNECTED, reason=roamingOff
D/MobileDataStateTracker(  358): hipri: Broadcast received: android.intent.action.ANY_DATA_STATE apnType=hipri
D/MobileDataStateTracker(  358): hipri: Received state=DISCONNECTED, old=DISCONNECTED, reason=roamingOff
D/MobileDataStateTracker(  358): ims: Broadcast received: android.intent.action.ANY_DATA_STATE apnType=ims
D/MobileDataStateTracker(  358): ims: Received state=DISCONNECTED, old=DISCONNECTED, reason=roamingOff
D/MobileDataStateTracker(  358): default: Broadcast received: android.intent.action.ANY_DATA_STATE apnType=default
D/MccTable(  506): updateMccMncConfiguration: mcc=310, mnc=260
D/MccTable(  506): getLocaleFromMcc to en_us mcc=310
D/MobileDataStateTracker(  358): default: Received state=DISCONNECTED, old=DISCONNECTED, reason=roamingOff
D/MobileDataStateTracker(  358): mms: Broadcast received: android.intent.action.ANY_DATA_STATE apnType=mms
D/MccTable(  506): getLocaleForLanguageCountry: skipping already persisted
D/MccTable(  506): getLocaleForLanguageCountry: X locale=null
D/MccTable(  506): WIFI_COUNTRY_CODE set to us
I/WifiService(  358): WifiService trying to set country code to us with persist set to true
D/MobileDataStateTracker(  358): mms: Received state=DISCONNECTED, old=DISCONNECTED, reason=roamingOff
D/MobileDataStateTracker(  358): cbs: Broadcast received: android.intent.action.ANY_DATA_STATE apnType=cbs
D/MobileDataStateTracker(  358): cbs: Received state=DISCONNECTED, old=DISCONNECTED, reason=roamingOff
D/MobileDataStateTracker(  358): fota: Broadcast received: android.intent.action.ANY_DATA_STATE apnType=fota
D/MobileDataStateTracker(  358): fota: Received state=DISCONNECTED, old=DISCONNECTED, reason=roamingOff
D/MobileDataStateTracker(  358): ia: Broadcast received: android.intent.action.ANY_DATA_STATE apnType=ia
D/MobileDataStateTracker(  358): ia: Received state=DISCONNECTED, old=DISCONNECTED, reason=roamingOff
D/MobileDataStateTracker(  358): supl: Broadcast received: android.intent.action.ANY_DATA_STATE apnType=supl
D/MobileDataStateTracker(  358): supl: Received state=DISCONNECTED, old=DISCONNECTED, reason=roamingOff
D/MobileDataStateTracker(  358): hipri: Broadcast received: android.intent.action.ANY_DATA_STATE apnType=hipri
D/MobileDataStateTracker(  358): hipri: Received state=DISCONNECTED, old=DISCONNECTED, reason=roamingOff
D/MobileDataStateTracker(  358): ims: Broadcast received: android.intent.action.ANY_DATA_STATE apnType=ims
D/MobileDataStateTracker(  358): ims: Received state=DISCONNECTED, old=DISCONNECTED, reason=roamingOff
D/MobileDataStateTracker(  358): default: Broadcast received: android.intent.action.ANY_DATA_STATE apnType=default
D/MobileDataStateTracker(  358): default: Received state=DISCONNECTED, old=DISCONNECTED, reason=roamingOff
D/MobileDataStateTracker(  358): mms: Broadcast received: android.intent.action.ANY_DATA_STATE apnType=mms
D/MobileDataStateTracker(  358): mms: Received state=DISCONNECTED, old=DISCONNECTED, reason=roamingOff
D/MobileDataStateTracker(  358): cbs: Broadcast received: android.intent.action.ANY_DATA_STATE apnType=cbs
D/MobileDataStateTracker(  358): cbs: Received state=DISCONNECTED, old=DISCONNECTED, reason=roamingOff
W/WindowManager(  358): Window freeze timeout expired.
W/WindowManager(  358): Force clearing orientation change: Window{b2eb9998 u0 com.android.launcher/com.android.launcher2.Launcher}
D/MccTable(  506): updateMccMncConfiguration: mcc=310, mnc=260
D/MccTable(  506): getLocaleFromMcc to en_us mcc=310
D/MccTable(  506): getLocaleForLanguageCountry: skipping already persisted
D/MccTable(  506): getLocaleForLanguageCountry: X locale=null
D/MccTable(  506): updateMccMncConfiguration updateConfig config={1.0 310mcc260mnc ?locale ?layoutDir ?swdp ?wdp ?hdp ?density ?lsize ?long ?orien ?uimode ?night ?touch ?keyb/?/? ?nav/?}
I/ActivityManager(  358): Config changes=3 {1.0 310mcc260mnc en_US ldltr sw320dp w320dp h460dp 240dpi nrml port finger qwerty/v/v -nav/h s.5}
D/MccTable(  506): updateMccMncConfiguration: mcc=310, mnc=260
D/MccTable(  506): getLocaleFromMcc to en_us mcc=310
D/MccTable(  506): getLocaleForLanguageCountry: skipping already persisted
D/MccTable(  506): getLocaleForLanguageCountry: X locale=null
D/MccTable(  506): updateMccMncConfiguration updateConfig config={1.0 310mcc260mnc ?locale ?layoutDir ?swdp ?wdp ?hdp ?density ?lsize ?long ?orien ?uimode ?night ?touch ?keyb/?/? ?nav/?}
W/WindowManager(  358): Window freeze timeout expired.
W/WindowManager(  358): Force clearing orientation change: Window{b2eb9998 u0 com.android.launcher/com.android.launcher2.Launcher}
W/ProcessCpuTracker(  358): Skipping unknown process pid 606
W/WindowManager(  358): App freeze timeout expired.
W/WindowManager(  358): Force clearing freeze: AppWindowToken{b2f862e8 token=Token{b2f84698 ActivityRecord{b2f843c0 u0 com.android.launcher/com.android.launcher2.Launcher t1}}}
I/WindowManager(  358): Screen frozen for +5s352ms due to Window{b2eb9998 u0 com.android.launcher/com.android.launcher2.Launcher}
V/KeyguardTouchDelegate(  410): Connected to keyguard
D/MobileDataStateTracker(  358): fota: Broadcast received: android.intent.action.ANY_DATA_STATE apnType=fota
D/MobileDataStateTracker(  358): fota: Received state=DISCONNECTED, old=DISCONNECTED, reason=dataAttached
D/MobileDataStateTracker(  358): ia: Broadcast received: android.intent.action.ANY_DATA_STATE apnType=ia
D/MobileDataStateTracker(  358): ia: Received state=DISCONNECTED, old=DISCONNECTED, reason=dataAttached
D/MobileDataStateTracker(  358): supl: Broadcast received: android.intent.action.ANY_DATA_STATE apnType=supl
D/MobileDataStateTracker(  358): supl: Received state=DISCONNECTED, old=DISCONNECTED, reason=dataAttached
D/MobileDataStateTracker(  358): hipri: Broadcast received: android.intent.action.ANY_DATA_STATE apnType=hipri
D/MobileDataStateTracker(  358): hipri: Received state=DISCONNECTED, old=DISCONNECTED, reason=dataAttached
D/MobileDataStateTracker(  358): ims: Broadcast received: android.intent.action.ANY_DATA_STATE apnType=ims
D/MobileDataStateTracker(  358): ims: Received state=DISCONNECTED, old=DISCONNECTED, reason=dataAttached
D/MobileDataStateTracker(  358): mms: Broadcast received: android.intent.action.ANY_DATA_STATE apnType=mms
D/MobileDataStateTracker(  358): mms: Received state=DISCONNECTED, old=DISCONNECTED, reason=dataAttached
D/MobileDataStateTracker(  358): cbs: Broadcast received: android.intent.action.ANY_DATA_STATE apnType=cbs
D/MobileDataStateTracker(  358): cbs: Received state=DISCONNECTED, old=DISCONNECTED, reason=dataAttached
D/MobileDataStateTracker(  358): fota: Broadcast received: android.intent.action.ANY_DATA_STATE apnType=fota
D/MobileDataStateTracker(  358): fota: Received state=DISCONNECTED, old=DISCONNECTED, reason=dataAttached
D/MobileDataStateTracker(  358): ia: Broadcast received: android.intent.action.ANY_DATA_STATE apnType=ia
D/MobileDataStateTracker(  358): ia: Received state=DISCONNECTED, old=DISCONNECTED, reason=dataAttached
D/MobileDataStateTracker(  358): supl: Broadcast received: android.intent.action.ANY_DATA_STATE apnType=supl
D/MobileDataStateTracker(  358): supl: Received state=DISCONNECTED, old=DISCONNECTED, reason=dataAttached
D/MobileDataStateTracker(  358): hipri: Broadcast received: android.intent.action.ANY_DATA_STATE apnType=hipri
D/MobileDataStateTracker(  358): hipri: Received state=DISCONNECTED, old=DISCONNECTED, reason=dataAttached
D/MobileDataStateTracker(  358): ims: Broadcast received: android.intent.action.ANY_DATA_STATE apnType=ims
D/MobileDataStateTracker(  358): ims: Received state=DISCONNECTED, old=DISCONNECTED, reason=dataAttached
D/MobileDataStateTracker(  358): mms: Broadcast received: android.intent.action.ANY_DATA_STATE apnType=mms
D/MobileDataStateTracker(  358): mms: Received state=DISCONNECTED, old=DISCONNECTED, reason=dataAttached
D/MobileDataStateTracker(  358): cbs: Broadcast received: android.intent.action.ANY_DATA_STATE apnType=cbs
D/MobileDataStateTracker(  358): cbs: Received state=DISCONNECTED, old=DISCONNECTED, reason=dataAttached
D/MobileDataStateTracker(  358): fota: Broadcast received: android.intent.action.ANY_DATA_STATE apnType=fota
D/MobileDataStateTracker(  358): fota: Received state=DISCONNECTED, old=DISCONNECTED, reason=simLoaded
D/MobileDataStateTracker(  358): ia: Broadcast received: android.intent.action.ANY_DATA_STATE apnType=ia
D/MobileDataStateTracker(  358): ia: Received state=DISCONNECTED, old=DISCONNECTED, reason=simLoaded
D/MobileDataStateTracker(  358): supl: Broadcast received: android.intent.action.ANY_DATA_STATE apnType=supl
D/MobileDataStateTracker(  358): supl: Received state=DISCONNECTED, old=DISCONNECTED, reason=simLoaded
D/MobileDataStateTracker(  358): hipri: Broadcast received: android.intent.action.ANY_DATA_STATE apnType=hipri
D/MobileDataStateTracker(  358): hipri: Received state=DISCONNECTED, old=DISCONNECTED, reason=simLoaded
D/MobileDataStateTracker(  358): ims: Broadcast received: android.intent.action.ANY_DATA_STATE apnType=ims
D/MobileDataStateTracker(  358): ims: Received state=DISCONNECTED, old=DISCONNECTED, reason=simLoaded
D/MobileDataStateTracker(  358): mms: Broadcast received: android.intent.action.ANY_DATA_STATE apnType=mms
D/MobileDataStateTracker(  358): mms: Received state=DISCONNECTED, old=DISCONNECTED, reason=simLoaded
D/MobileDataStateTracker(  358): cbs: Broadcast received: android.intent.action.ANY_DATA_STATE apnType=cbs
D/MobileDataStateTracker(  358): cbs: Received state=DISCONNECTED, old=DISCONNECTED, reason=simLoaded
D/MobileDataStateTracker(  358): default: Broadcast received: android.intent.action.ANY_DATA_STATE apnType=default
D/MobileDataStateTracker(  358): default: Received state=CONNECTING, old=DISCONNECTED, reason=simLoaded
D/MobileDataStateTracker(  358): default: setDetailed state, old =IDLE and new state=CONNECTING
I/ActivityManager(  358): Start proc com.android.externalstorage for broadcast com.android.externalstorage/.MountReceiver: pid=625 uid=10006 gids={50006, 1028, 1015, 1023}
D/MobileDataStateTracker(  358): fota: Broadcast received: android.intent.action.ANY_DATA_STATE apnType=fota
D/MobileDataStateTracker(  358): fota: Received state=DISCONNECTED, old=DISCONNECTED, reason=simLoaded
D/MobileDataStateTracker(  358): ia: Broadcast received: android.intent.action.ANY_DATA_STATE apnType=ia
D/MobileDataStateTracker(  358): ia: Received state=DISCONNECTED, old=DISCONNECTED, reason=simLoaded
D/MobileDataStateTracker(  358): supl: Broadcast received: android.intent.action.ANY_DATA_STATE apnType=supl
D/MobileDataStateTracker(  358): supl: Received state=DISCONNECTED, old=DISCONNECTED, reason=simLoaded
D/MobileDataStateTracker(  358): hipri: Broadcast received: android.intent.action.ANY_DATA_STATE apnType=hipri
D/MobileDataStateTracker(  358): hipri: Received state=DISCONNECTED, old=DISCONNECTED, reason=simLoaded
D/MobileDataStateTracker(  358): ims: Broadcast received: android.intent.action.ANY_DATA_STATE apnType=ims
D/MobileDataStateTracker(  358): ims: Received state=DISCONNECTED, old=DISCONNECTED, reason=simLoaded
D/MobileDataStateTracker(  358): mms: Broadcast received: android.intent.action.ANY_DATA_STATE apnType=mms
D/MobileDataStateTracker(  358): mms: Received state=DISCONNECTED, old=DISCONNECTED, reason=simLoaded
D/MobileDataStateTracker(  358): cbs: Broadcast received: android.intent.action.ANY_DATA_STATE apnType=cbs
D/MobileDataStateTracker(  358): cbs: Received state=DISCONNECTED, old=DISCONNECTED, reason=simLoaded
D/MobileDataStateTracker(  358): default: Broadcast received: android.intent.action.ANY_DATA_STATE apnType=default
D/MobileDataStateTracker(  358): default: Received state=CONNECTED, old=CONNECTING, reason=connected
D/MobileDataStateTracker(  358): default: setDetailed state, old =CONNECTING and new state=CONNECTED
D/ConnectivityService(  358): ConnectivityChange for mobile: CONNECTED/CONNECTED
D/ConnectivityService(  358): ConnectivityChange checkMobileProvisioning for TYPE_MOBILE or ProvisioningNetwork
W/WindowManager(  358): Window freeze timeout expired.
W/WindowManager(  358): Force clearing orientation change: Window{b2fa52c8 u0 StatusBar}
W/WindowManager(  358): Force clearing orientation change: Window{b2f62ec8 u0 com.android.launcher/com.android.launcher2.Launcher}
D/ConnectivityService(  358): checkMobileProvisioning: E suggestedTimeOutMs=60000
D/ConnectivityService(  358): setProvNotificationVisible: E visible=false networkType=5 extraInfo=null url=null
E/ActivityManager(  358): ANR in com.android.systemui
E/ActivityManager(  358): PID: 410
E/ActivityManager(  358): Reason: Executing service com.android.systemui/.ImageWallpaper
E/ActivityManager(  358): Load: 7.06 / 2.55 / 0.94
E/ActivityManager(  358): CPU usage from 2333ms to -16840ms ago:
E/ActivityManager(  358):   39% 358/system_server: 29% user + 10% kernel / faults: 2806 minor 1 major
E/ActivityManager(  358):   17% 58/surfaceflinger: 15% user + 2.2% kernel / faults: 300 minor
E/ActivityManager(  358):   11% 520/com.android.launcher: 7.3% user + 3.6% kernel / faults: 2651 minor
E/ActivityManager(  358):   10% 506/com.android.phone: 7.6% user + 2.6% kernel / faults: 1600 minor 1 major
E/ActivityManager(  358):   7.9% 410/com.android.systemui: 6.2% user + 1.7% kernel / faults: 1703 minor
E/ActivityManager(  358):   2.3% 56/debuggerd: 0.9% user + 1.4% kernel / faults: 1367 minor
E/ActivityManager(  358):   2% 88/bootanimation: 1.8% user + 0.2% kernel
E/ActivityManager(  358):   0.9% 567/android.process.acore: 0.6% user + 0.3% kernel / faults: 375 minor 29 major
E/ActivityManager(  358):   0.6% 25/mtdblock0: 0% user + 0.6% kernel
E/ActivityManager(  358):   0.3% 464/android.process.media: 0.1% user + 0.2% kernel / faults: 288 minor 2 major
E/ActivityManager(  358):   0.3% 57/rild: 0% user + 0.2% kernel / faults: 2 minor
E/ActivityManager(  358):   0.2% 26/mtdblock1: 0% user + 0.2% kernel
E/ActivityManager(  358):   0.2% 52/servicemanager: 0% user + 0.2% kernel
E/ActivityManager(  358):   0.1% 494/com.android.inputmethod.latin: 0% user + 0.1% kernel / faults: 4 minor
E/ActivityManager(  358):   0% 1//init: 0% user + 0% kernel / faults: 1 minor
E/ActivityManager(  358):   0% 41/jbd2/mtdblock1-: 0% user + 0% kernel
E/ActivityManager(  358): 100% TOTAL: 72% user + 27% kernel
E/ActivityManager(  358): CPU usage from 13312ms to 16308ms later with 112% awake:
E/ActivityManager(  358):   61% 358/system_server: 44% user + 16% kernel / faults: 386 minor
E/ActivityManager(  358):     4.4% 372/WindowManager: 4.4% user + 0% kernel
E/ActivityManager(  358):     4.4% 373/ActivityManager: 1.1% user + 3.3% kernel
E/ActivityManager(  358):     4.1% 405/Binder_3: 3.3% user + 0.7% kernel
E/ActivityManager(  358):     1.4% 533/Binder_4: 0.7% user + 0.7% kernel
E/ActivityManager(  358):     1.1% 536/Binder_5: 1.1% user + 0% kernel
E/ActivityManager(  358):     1.1% 539/Binder_6: 0.7% user + 0.3% kernel
E/ActivityManager(  358):     0.7% 365/Compiler: 0% user + 0.7% kernel
E/ActivityManager(  358):     0.7% 370/Binder_2: 0.7% user + 0% kernel
E/ActivityManager(  358):     0.7% 374/android.bg: 0.3% user + 0.3% kernel
E/ActivityManager(  358):     0.3% 369/Binder_1: 0.3% user + 0% kernel
E/ActivityManager(  358):    +0% 622/Error dump: sys: 0% user + 0% kernel
E/ActivityManager(  358):   12% 58/surfaceflinger: 12% user + 0% kernel / faults: 42 minor
E/ActivityManager(  358):     11% 58/surfaceflinger: 10% user + 0.7% kernel
E/ActivityManager(  358):     0.3% 80/DispSync: 0% user + 0.3% kernel
E/ActivityManager(  358):     0.3% 81/Binder_2: 0.3% user + 0% kernel
E/ActivityManager(  358):   19% 410/com.android.systemui: 15% user + 4% kernel / faults: 243 minor
E/ActivityManager(  358):     8.8% 410/ndroid.systemui: 7.2% user + 1.6% kernel
E/ActivityManager(  358):     5.6% 417/Compiler: 3.2% user + 2.4% kernel
E/ActivityManager(  358):     4.8% 414/GC: 4.8% user + 0% kernel
E/ActivityManager(  358):   17% 520/com.android.launcher: 14% user + 2.7% kernel / faults: 728 minor
E/ActivityManager(  358):     12% 520/ndroid.launcher: 9.2% user + 2.7% kernel
E/ActivityManager(  358):     2.7% 524/GC: 2.7% user + 0% kernel
E/ActivityManager(  358):     2.7% 529/FinalizerDaemon: 1.8% user + 0.9% kernel
E/ActivityManager(  358):   3.4% 88/bootanimation: 2.6% user + 0.7% kernel
E/ActivityManager(  358):     3.4% 98/BootAnimation: 2.6% user + 0.7% kernel
E/ActivityManager(  358):   1.7% 506/com.android.phone: 1.7% user + 0% kernel / faults: 16 minor
E/ActivityManager(  358):     1.7% 506/m.android.phone: 1.7% user + 0% kernel
E/ActivityManager(  358):   0.3% 26/mtdblock1: 0% user + 0.3% kernel
E/ActivityManager(  358): 100% TOTAL: 72% user + 27% kernel
I/ActivityManager(  358): Killing 410:com.android.systemui/u0a7 (adj -12): background ANR
W/WindowManager(  358): Window freeze timeout expired.
W/WindowManager(  358): Force clearing orientation change: Window{b2fe8a78 u0 NavigationBar}
W/WindowManager(  358): Force clearing orientation change: Window{b2fe87d8 u0 Keyguard}
W/BroadcastQueue(  358): Timeout of broadcast BroadcastRecord{b2fc0ce8 u-1 android.intent.action.TIME_TICK} - receiver=android.os.BinderProxy@b2fade40, started 20957ms ago
W/BroadcastQueue(  358): Receiver during timeout: BroadcastFilter{b2fae528 u0 ReceiverList{b2fae4c8 410 com.android.systemui/10007/u0 remote:b2fade40}}
I/ActivityManager(  358): Skipping duplicate ANR: ProcessRecord{b2f50fb0 410:com.android.systemui/u0a7} Broadcast of Intent { act=android.intent.action.TIME_TICK flg=0x50000014 (has extras) }
D/ConnectivityService(  358): checkMobileProvisioning: params={ url=http://clients3.google.com/generate_204 mTimeOutMs=60000 mCb=com.android.server.ConnectivityService$5@b2fbcca8}
W/WindowManager(  358): ***** BOOT TIMEOUT: forcing display enabled
D/ConnectivityService(  358): checkMobileProvisioning: X
D/Nat464Xlat(  358): requiresClat: netType=0, hasIPv4Address=true
E/NetdConnector(  358): NDC Command {11 bandwidth gettetherstats} took too long (1136ms)
D/MobileDataStateTracker(  358): default: setPolicyDataEnable(enabled=true)
W/ActivityManager(  358): Scheduling restart of crashed service com.android.keyguard/.KeyguardService in 0ms
W/ActivityManager(  358): Scheduling restart of crashed service com.android.systemui/.SystemUIService in 0ms
W/ActivityManager(  358): Scheduling restart of crashed service com.android.systemui/.ImageWallpaper in 0ms
I/StatusBarManagerService(  358): binder died for pkg=com.android.keyguard
I/WindowState(  358): WIN DEATH: Window{b2fe87d8 u0 Keyguard}
I/ActivityManager(  358): Start proc com.android.systemui for restart com.android.systemui: pid=650 uid=10007 gids={50007, 1028, 1015, 1035, 3002, 3001}
I/WindowState(  358): WIN DEATH: Window{b2fe7e10 u0 SearchPanel}
I/WindowState(  358): WIN DEATH: Window{b2fa52c8 u0 StatusBar}
I/WindowState(  358): WIN DEATH: Window{b2fe8a78 u0 NavigationBar}
W/WallpaperService(  358): Wallpaper service gone: ComponentInfo{com.android.systemui/com.android.systemui.ImageWallpaper}
I/ActivityManager(  358): Waited long enough for: ServiceRecord{b2fda378 u0 com.android.providers.downloads/.DownloadService}
E/NetdConnector(  358): NDC Command {12 bandwidth setiquota eth0 9223372036854775807} took too long (2864ms)
D/MobileDataStateTracker(  358): default: setPolicyDataEnable(enabled=true)
D/MobileDataStateTracker(  358): default: isProvisioningNetwork: retVal=false
D/ConnectivityService(  358): [CheckMp] isMobileOk: isDefaultProvisioning=false
W/InputMethodManagerService(  358): Focus gain on non-focused client com.android.internal.view.IInputMethodClient$Stub$Proxy@b2f432a8 (uid=10008 pid=520)
I/StatusBarManagerService(  358): registerStatusBar bar=com.android.internal.statusbar.IStatusBar$Stub$Proxy@b2ff9d50
D/MobileDataStateTracker(  358): hipri: isProvisioningNetwork: retVal=false
D/ConnectivityService(  358): [CheckMp] isMobileOk: isHipriProvisioning=false
D/ConnectivityService(  358): [CheckMp] isMobileOk: start hipri url=http://clients3.google.com/generate_204
I/ActivityManager(  358): Start proc com.android.settings for broadcast com.android.settings/.widget.SettingsAppWidgetProvider: pid=684 uid=1000 gids={41000, 1028, 1015, 3002, 3001, 3003}
D/ConnectivityService(  358): startUsingNetworkFeature reconnecting to 0: enableHIPRI
D/ConnectivityService(  358): startUsingNetworkFeature X: return APN_REQUEST_STARTED
E/ConnectivityService(  358): startUsingNetworkFeature took too long: 3385ms
D/ConnectivityService(  358): [CheckMp] isMobileOk: hipri started
D/ConnectivityService(  358): [CheckMp] isMobileOk: not connected ni=NetworkInfo: type: mobile_hipri[UMTS], state: DISCONNECTED/IDLE, reason: (unspecified), extra: (none), roaming: false, failover: false, isAvailable: true, isConnectedToProvisioningNetwork: false
D/MobileDataStateTracker(  358): hipri: Broadcast received: android.intent.action.ANY_DATA_STATE apnType=hipri
D/MobileDataStateTracker(  358): hipri: Received state=CONNECTING, old=DISCONNECTED, reason=dataEnabled
D/MobileDataStateTracker(  358): hipri: setDetailed state, old =IDLE and new state=CONNECTING
D/MobileDataStateTracker(  358): fota: Broadcast received: android.intent.action.ANY_DATA_STATE apnType=fota
D/MobileDataStateTracker(  358): fota: Received state=DISCONNECTED, old=DISCONNECTED, reason=dataEnabled
D/MobileDataStateTracker(  358): ia: Broadcast received: android.intent.action.ANY_DATA_STATE apnType=ia
D/MobileDataStateTracker(  358): ia: Received state=DISCONNECTED, old=DISCONNECTED, reason=dataEnabled
D/MobileDataStateTracker(  358): supl: Broadcast received: android.intent.action.ANY_DATA_STATE apnType=supl
D/MobileDataStateTracker(  358): supl: Received state=DISCONNECTED, old=DISCONNECTED, reason=dataEnabled
D/MobileDataStateTracker(  358): ims: Broadcast received: android.intent.action.ANY_DATA_STATE apnType=ims
D/MobileDataStateTracker(  358): ims: Received state=DISCONNECTED, old=DISCONNECTED, reason=dataEnabled
D/MobileDataStateTracker(  358): mms: Broadcast received: android.intent.action.ANY_DATA_STATE apnType=mms
D/MobileDataStateTracker(  358): mms: Received state=DISCONNECTED, old=DISCONNECTED, reason=dataEnabled
D/MobileDataStateTracker(  358): cbs: Broadcast received: android.intent.action.ANY_DATA_STATE apnType=cbs
D/MobileDataStateTracker(  358): cbs: Received state=DISCONNECTED, old=DISCONNECTED, reason=dataEnabled
